Component: ARM Compiler 5.06 update 6 (build 750) Tool: armlink [4d35ed]

==============================================================================

Section Cross References

    startup_rvmdk.o(STACK) refers (Special) to heapauxi.o(.text) for __use_two_region_memory
    startup_rvmdk.o(HEAP) refers (Special) to heapauxi.o(.text) for __use_two_region_memory
    startup_rvmdk.o(RESET) refers (Special) to heapauxi.o(.text) for __use_two_region_memory
    startup_rvmdk.o(RESET) refers to startup_rvmdk.o(STACK) for StackMem
    startup_rvmdk.o(RESET) refers to quake_detector.o(i.GPIOPortD_Handler) for GPIOPortD_Handler
    startup_rvmdk.o(RESET) refers to encoder.o(i.Quadrature0_Handler) for Quadrature0_Handler
    startup_rvmdk.o(RESET) refers to quake_detector.o(i.ADC_Handler) for ADC_Handler
    startup_rvmdk.o(RESET) refers to quake_detector.o(i.Timer0A_Handler) for Timer0A_Handler
    startup_rvmdk.o(RESET) refers to __main.o(!!!main) for __main
    startup_rvmdk.o(.text) refers (Special) to heapauxi.o(.text) for __use_two_region_memory
    startup_rvmdk.o(.text) refers to startup_rvmdk.o(HEAP) for HeapMem
    startup_rvmdk.o(.text) refers to startup_rvmdk.o(STACK) for StackMem
    encoder.o(i.QEI_Init) refers to sysctl.o(i.SysCtlPeripheralEnable) for SysCtlPeripheralEnable
    encoder.o(i.QEI_Init) refers to gpio.o(i.GPIOPinTypeQEI) for GPIOPinTypeQEI
    encoder.o(i.QEI_Init) refers to qei.o(i.QEIDisable) for QEIDisable
    encoder.o(i.QEI_Init) refers to qei.o(i.QEIIntDisable) for QEIIntDisable
    encoder.o(i.QEI_Init) refers to qei.o(i.QEIConfigure) for QEIConfigure
    encoder.o(i.QEI_Init) refers to qei.o(i.QEIEnable) for QEIEnable
    encoder.o(i.QEI_Init) refers to qei.o(i.QEIPositionSet) for QEIPositionSet
    encoder.o(i.Quadrature0_Handler) refers to quake_detector.o(i.IntGlobalDisable) for IntGlobalDisable
    encoder.o(i.Quadrature0_Handler) refers to encoder.o(.data) for flag
    button.o(i.D_Interrupt_Init) refers to interrupt.o(i.IntEnable) for IntEnable
    button.o(i.D_Interrupt_Init) refers to interrupt.o(i.IntPrioritySet) for IntPrioritySet
    accelerometer.o(i.I2C_Init) refers to sysctl.o(i.SysCtlPeripheralEnable) for SysCtlPeripheralEnable
    accelerometer.o(i.I2C_Init) refers to gpio.o(i.GPIOPinTypeI2C) for GPIOPinTypeI2C
    accelerometer.o(i.I2C_Init) refers to gpio.o(i.GPIOPinTypeI2CSCL) for GPIOPinTypeI2CSCL
    accelerometer.o(i.I2C_Init) refers to sysctl.o(i.SysCtlClockGet) for SysCtlClockGet
    accelerometer.o(i.I2C_Init) refers to i2c.o(i.I2CMasterInitExpClk) for I2CMasterInitExpClk
    accelerometer.o(i.InitConsole) refers to sysctl.o(i.SysCtlPeripheralEnable) for SysCtlPeripheralEnable
    accelerometer.o(i.InitConsole) refers to gpio.o(i.GPIOPinTypeUART) for GPIOPinTypeUART
    accelerometer.o(i.InitConsole) refers to uart.o(i.UARTClockSourceSet) for UARTClockSourceSet
    accelerometer.o(i.InitConsole) refers to uartstdio.o(i.UARTStdioConfig) for UARTStdioConfig
    accelerometer.o(i.Timer0A_Init) refers to sysctl.o(i.SysCtlPeripheralEnable) for SysCtlPeripheralEnable
    accelerometer.o(i.Timer0A_Init) refers to timer.o(i.TimerConfigure) for TimerConfigure
    accelerometer.o(i.Timer0A_Init) refers to timer.o(i.TimerLoadSet) for TimerLoadSet
    accelerometer.o(i.Timer0A_Init) refers to interrupt.o(i.IntPrioritySet) for IntPrioritySet
    accelerometer.o(i.Timer0A_Init) refers to interrupt.o(i.IntEnable) for IntEnable
    accelerometer.o(i.Timer0A_Init) refers to timer.o(i.TimerIntEnable) for TimerIntEnable
    accelerometer.o(i.Timer0A_Init) refers to timer.o(i.TimerEnable) for TimerEnable
    accelerometer.o(i.readProcess) refers to i2c.o(i.I2CMasterSlaveAddrSet) for I2CMasterSlaveAddrSet
    accelerometer.o(i.readProcess) refers to i2c.o(i.I2CMasterDataPut) for I2CMasterDataPut
    accelerometer.o(i.readProcess) refers to i2c.o(i.I2CMasterControl) for I2CMasterControl
    accelerometer.o(i.readProcess) refers to i2c.o(i.I2CMasterBusy) for I2CMasterBusy
    accelerometer.o(i.readProcess) refers to i2c.o(i.I2CMasterDataGet) for I2CMasterDataGet
    accelerometer.o(i.writeProcess) refers to i2c.o(i.I2CMasterSlaveAddrSet) for I2CMasterSlaveAddrSet
    accelerometer.o(i.writeProcess) refers to i2c.o(i.I2CMasterDataPut) for I2CMasterDataPut
    accelerometer.o(i.writeProcess) refers to i2c.o(i.I2CMasterControl) for I2CMasterControl
    accelerometer.o(i.writeProcess) refers to i2c.o(i.I2CMasterBusy) for I2CMasterBusy
    uartstdio.o(i.UARTStdioConfig) refers to sysctl.o(i.SysCtlPeripheralPresent) for SysCtlPeripheralPresent
    uartstdio.o(i.UARTStdioConfig) refers to sysctl.o(i.SysCtlPeripheralEnable) for SysCtlPeripheralEnable
    uartstdio.o(i.UARTStdioConfig) refers to uart.o(i.UARTConfigSetExpClk) for UARTConfigSetExpClk
    uartstdio.o(i.UARTStdioConfig) refers to uart.o(i.UARTEnable) for UARTEnable
    uartstdio.o(i.UARTStdioConfig) refers to uartstdio.o(.constdata) for g_ui32UARTPeriph
[...]
    Removing adc.o(i.ADCIntDisable), (16 bytes).
    Removing adc.o(i.ADCIntDisableEx), (10 bytes).
    Removing adc.o(i.ADCIntEnable), (16 bytes).
    Removing adc.o(i.ADCIntRegister), (104 bytes).
    Removing adc.o(i.ADCIntStatus), (52 bytes).
    Removing adc.o(i.ADCIntStatusEx), (22 bytes).
    Removing adc.o(i.ADCIntUnregister), (108 bytes).
    Removing adc.o(i.ADCPhaseDelayGet), (4 bytes).
    Removing adc.o(i.ADCPhaseDelaySet), (4 bytes).
    Removing adc.o(i.ADCReferenceGet), (8 bytes).
    Removing adc.o(i.ADCReferenceSet), (12 bytes).
    Removing adc.o(i.ADCSequenceDMADisable), (18 bytes).
    Removing adc.o(i.ADCSequenceDMAEnable), (16 bytes).
    Removing adc.o(i.ADCSequenceOverflow), (12 bytes).
    Removing adc.o(i.ADCSequenceOverflowClear), (10 bytes).
    Removing adc.o(i.ADCSequenceUnderflow), (12 bytes).
    Removing adc.o(i.ADCSequenceUnderflowClear), (10 bytes).
    Removing adc.o(i.ADCSoftwareOversampleConfigure), (44 bytes).
    Removing adc.o(i.ADCSoftwareOversampleDataGet), (88 bytes).
    Removing adc.o(i.ADCSoftwareOversampleStepConfigure), (168 bytes).
    Removing adc.o(.data), (6 bytes).
    Removing gpio.o(i.GPIOADCTriggerDisable), (14 bytes).
    Removing gpio.o(i.GPIOADCTriggerEnable), (12 bytes).
    Removing gpio.o(i.GPIODMATriggerDisable), (14 bytes).
    Removing gpio.o(i.GPIODMATriggerEnable), (12 bytes).
    Removing gpio.o(i.GPIODirModeGet), (34 bytes).
    Removing gpio.o(i.GPIOIntClear), (6 bytes).
    Removing gpio.o(i.GPIOIntDisable), (14 bytes).
    Removing gpio.o(i.GPIOIntEnable), (12 bytes).
    Removing gpio.o(i.GPIOIntRegister), (26 bytes).
    Removing gpio.o(i.GPIOIntRegisterPin), (30 bytes).
    Removing gpio.o(i.GPIOIntStatus), (14 bytes).
    Removing gpio.o(i.GPIOIntTypeGet), (68 bytes).
    Removing gpio.o(i.GPIOIntTypeSet), (80 bytes).
    Removing gpio.o(i.GPIOIntUnregister), (22 bytes).
    Removing gpio.o(i.GPIOIntUnregisterPin), (26 bytes).
    Removing gpio.o(i.GPIOPadConfigGet), (204 bytes).
    Removing gpio.o(i.GPIOPinRead), (6 bytes).
    Removing gpio.o(i.GPIOPinTypeADC), (28 bytes).
    Removing gpio.o(i.GPIOPinTypeCAN), (28 bytes).
    Removing gpio.o(i.GPIOPinTypeComparator), (28 bytes).
    Removing gpio.o(i.GPIOPinTypeComparatorOutput), (28 bytes).
    Removing gpio.o(i.GPIOPinTypeDIVSCLK), (28 bytes).
    Removing gpio.o(i.GPIOPinTypeEPI), (28 bytes).
    Removing gpio.o(i.GPIOPinTypeEthernetLED), (28 bytes).
    Removing gpio.o(i.GPIOPinTypeEthernetMII), (28 bytes).
    Removing gpio.o(i.GPIOPinTypeGPIOOutputOD), (28 bytes).
    Removing gpio.o(i.GPIOPinTypeHibernateRTCCLK), (28 bytes).
    Removing gpio.o(i.GPIOPinTypeLCD), (28 bytes).
    Removing gpio.o(i.GPIOPinTypeOneWire), (28 bytes).
    Removing gpio.o(i.GPIOPinTypeSSI), (28 bytes).
    Removing gpio.o(i.GPIOPinTypeTimer), (28 bytes).
    Removing gpio.o(i.GPIOPinTypeTrace), (28 bytes).
    Removing gpio.o(i.GPIOPinTypeUSBAnalog), (28 bytes).
    Removing gpio.o(i.GPIOPinTypeUSBDigital), (28 bytes).
    Removing gpio.o(i.GPIOPinTypeWakeHigh), (30 bytes).
    Removing gpio.o(i.GPIOPinTypeWakeLow), (30 bytes).
    Removing gpio.o(i.GPIOPinWakeStatus), (6 bytes).
    Removing gpio.o(i.GPIOPinWrite), (6 bytes).
    Removing gpio.o(i._GPIOIntNumberGet), (80 bytes).
    Removing hibernate.o(i.HibernateBatCheckDone), (16 bytes).
    Removing hibernate.o(i.HibernateBatCheckStart), (24 bytes).
    Removing hibernate.o(i.HibernateCalendarGet), (120 bytes).
    Removing hibernate.o(i.HibernateCalendarMatchGet), (120 bytes).
    Removing hibernate.o(i.HibernateCalendarMatchSet), (12 bytes).
    Removing hibernate.o(i.HibernateCalendarSet), (12 bytes).
    Removing hibernate.o(i.HibernateClockConfig), (80 bytes).
    Removing hibernate.o(i.HibernateCounterMode), (20 bytes).
    Removing hibernate.o(i.HibernateDataGet), (32 bytes).
    Removing hibernate.o(i.HibernateDataSet), (56 bytes).
    Removing hibernate.o(i.HibernateDisable), (24 bytes).
    Removing hibernate.o(i.HibernateGPIORetentionDisable), (28 bytes).
    Removing hibernate.o(i.HibernateGPIORetentionGet), (28 bytes).
    Removing hibernate.o(i.HibernateIntClear), (24 bytes).
    Removing hibernate.o(i.HibernateIntDisable), (24 bytes).
    Removing hibernate.o(i.HibernateIntEnable), (24 bytes).
    Removing hibernate.o(i.HibernateIntRegister), (52 bytes).
    Removing hibernate.o(i.HibernateIntStatus), (16 bytes).
    Removing hibernate.o(i.HibernateIntUnregister), (48 bytes).
    Removing hibernate.o(i.HibernateIsActive), (16 bytes).
    Removing hibernate.o(i.HibernateLowBatGet), (16 bytes).
    Removing hibernate.o(i.HibernateLowBatSet), (32 bytes).
    Removing hibernate.o(i.HibernateRTCDisable), (24 bytes).
    Removing hibernate.o(i.HibernateRTCGet), (12 bytes).
    Removing hibernate.o(i.HibernateRTCMatchGet), (12 bytes).
    Removing hibernate.o(i.HibernateRTCSSGet), (16 bytes).
    Removing hibernate.o(i.HibernateRTCSSMatchGet), (12 bytes).
    Removing hibernate.o(i.HibernateRTCSSMatchSet), (20 bytes).
    Removing hibernate.o(i.HibernateRTCTrimGet), (12 bytes).
    Removing hibernate.o(i.HibernateRTCTrimSet), (20 bytes).
    Removing hibernate.o(i.HibernateTamperDisable), (64 bytes).
    Removing hibernate.o(i.HibernateTamperEnable), (64 bytes).
    Removing hibernate.o(i.HibernateTamperEventsClear), (64 bytes).
    Removing hibernate.o(i.HibernateTamperEventsClearNoLock), (32 bytes).
    Removing hibernate.o(i.HibernateTamperEventsConfig), (72 bytes).
    Removing hibernate.o(i.HibernateTamperEventsGet), (84 bytes).
    Removing hibernate.o(i.HibernateTamperExtOscRecover), (64 bytes).
    Removing hibernate.o(i.HibernateTamperExtOscValid), (60 bytes).
    Removing hibernate.o(i.HibernateTamperIODisable), (72 bytes).
    Removing hibernate.o(i.HibernateTamperIOEnable), (84 bytes).
    Removing hibernate.o(i.HibernateTamperLock), (32 bytes).
    Removing hibernate.o(i.HibernateTamperStatusGet), (52 bytes).
    Removing hibernate.o(i.HibernateTamperUnLock), (28 bytes).
    Removing hibernate.o(i.HibernateWakeGet), (56 bytes).
    Removing hibernate.o(i._HibernateCalendarSet), (268 bytes).
    Removing i2c.o(i.I2CFIFODataGet), (16 bytes).
    Removing i2c.o(i.I2CFIFODataGetNonBlocking), (24 bytes).
    Removing i2c.o(i.I2CFIFODataPut), (16 bytes).
    Removing i2c.o(i.I2CFIFODataPutNonBlocking), (20 bytes).
    Removing i2c.o(i.I2CFIFOStatus), (6 bytes).
    Removing i2c.o(i.I2CIntRegister), (96 bytes).
    Removing i2c.o(i.I2CIntUnregister), (96 bytes).
    Removing i2c.o(i.I2CLoopbackEnable), (10 bytes).
    Removing i2c.o(i.I2CMasterBurstCountGet), (4 bytes).
    Removing i2c.o(i.I2CMasterBurstLengthSet), (4 bytes).
    Removing i2c.o(i.I2CMasterBusBusy), (12 bytes).
    Removing i2c.o(i.I2CMasterDisable), (10 bytes).
    Removing i2c.o(i.I2CMasterEnable), (10 bytes).
    Removing i2c.o(i.I2CMasterErr), (24 bytes).
    Removing i2c.o(i.I2CMasterGlitchFilterConfigSet), (84 bytes).
    Removing i2c.o(i.I2CMasterIntClear), (8 bytes).
    Removing i2c.o(i.I2CMasterIntClearEx), (4 bytes).
    Removing i2c.o(i.I2CMasterIntDisable), (6 bytes).
    Removing i2c.o(i.I2CMasterIntDisableEx), (10 bytes).
    Removing i2c.o(i.I2CMasterIntEnable), (6 bytes).
    Removing i2c.o(i.I2CMasterIntEnableEx), (8 bytes).
    Removing i2c.o(i.I2CMasterIntStatus), (24 bytes).
    Removing i2c.o(i.I2CMasterIntStatusEx), (10 bytes).
    Removing i2c.o(i.I2CMasterLineStateGet), (4 bytes).
    Removing i2c.o(i.I2CMasterTimeoutSet), (4 bytes).
    Removing i2c.o(i.I2CRxFIFOConfigSet), (22 bytes).
    Removing i2c.o(i.I2CRxFIFOFlush), (14 bytes).
    Removing i2c.o(i.I2CSlaveACKOverride), (22 bytes).
    Removing i2c.o(i.I2CSlaveACKValueSet), (22 bytes).
    Removing i2c.o(i.I2CSlaveAddressSet), (24 bytes).
    Removing i2c.o(i.I2CSlaveDataGet), (6 bytes).
    Removing i2c.o(i.I2CSlaveDataPut), (6 bytes).
    Removing i2c.o(i.I2CSlaveDisable), (16 bytes).
    Removing i2c.o(i.I2CSlaveEnable), (16 bytes).
    Removing i2c.o(i.I2CSlaveFIFODisable), (8 bytes).
    Removing i2c.o(i.I2CSlaveFIFOEnable), (10 bytes).
    Removing i2c.o(i.I2CSlaveInit), (20 bytes).
    Removing i2c.o(i.I2CSlaveIntClear), (8 bytes).
    Removing i2c.o(i.I2CSlaveIntClearEx), (6 bytes).
    Removing i2c.o(i.I2CSlaveIntDisable), (14 bytes).
    Removing i2c.o(i.I2CSlaveIntDisableEx), (14 bytes).
    Removing i2c.o(i.I2CSlaveIntEnable), (14 bytes).
    Removing i2c.o(i.I2CSlaveIntEnableEx), (12 bytes).
    Removing i2c.o(i.I2CSlaveIntStatus), (28 bytes).
    Removing i2c.o(i.I2CSlaveIntStatusEx), (14 bytes).
    Removing i2c.o(i.I2CSlaveStatus), (6 bytes).
    Removing i2c.o(i.I2CTxFIFOConfigSet), (24 bytes).
    Removing i2c.o(i.I2CTxFIFOFlush), (14 bytes).
    Removing i2c.o(.constdata), (128 bytes).
    Removing interrupt.o(i.IntDisable), (100 bytes).
    Removing interrupt.o(i.IntIsEnabled), (96 bytes).
    Removing interrupt.o(i.IntMasterDisable), (14 bytes).
    Removing interrupt.o(i.IntMasterEnable), (14 bytes).
    Removing interrupt.o(i.IntPendClear), (68 bytes).
    Removing interrupt.o(i.IntPendSet), (84 bytes).
    Removing interrupt.o(i.IntPriorityGet), (28 bytes).
    Removing interrupt.o(i.IntPriorityGroupingGet), (36 bytes).
    Removing interrupt.o(i.IntPriorityGroupingSet), (28 bytes).
    Removing interrupt.o(i.IntPriorityMaskGet), (4 bytes).
    Removing interrupt.o(i.IntPriorityMaskSet), (4 bytes).
    Removing interrupt.o(i.IntRegister), (52 bytes).
    Removing interrupt.o(i.IntTrigger), (12 bytes).
    Removing interrupt.o(i.IntUnregister), (20 bytes).
    Removing interrupt.o(i._IntDefaultHandler), (2 bytes).
    Removing interrupt.o(vtable), (620 bytes).
    Removing pwm.o(i.PWMClockGet), (26 bytes).
    Removing pwm.o(i.PWMClockSet), (20 bytes).
    Removing pwm.o(i.PWMDeadBandDisable), (12 bytes).
    Removing pwm.o(i.PWMDeadBandEnable), (16 bytes).
    Removing pwm.o(i.PWMFaultIntClear), (8 bytes).
    Removing pwm.o(i.PWMFaultIntClearExt), (4 bytes).
    Removing pwm.o(i.PWMFaultIntRegister), (92 bytes).
    Removing pwm.o(i.PWMFaultIntUnregister), (84 bytes).
    Removing pwm.o(i.PWMGenDisable), (10 bytes).
    Removing pwm.o(i.PWMGenFaultClear), (18 bytes).
    Removing pwm.o(i.PWMGenFaultConfigure), (18 bytes).
    Removing pwm.o(i.PWMGenFaultStatus), (18 bytes).
    Removing pwm.o(i.PWMGenFaultTriggerGet), (12 bytes).
    Removing pwm.o(i.PWMGenFaultTriggerSet), (12 bytes).
    Removing pwm.o(i.PWMGenIntClear), (6 bytes).
    Removing pwm.o(i.PWMGenIntRegister), (26 bytes).
    Removing pwm.o(i.PWMGenIntStatus), (12 bytes).
    Removing pwm.o(i.PWMGenIntTrigDisable), (10 bytes).
    Removing pwm.o(i.PWMGenIntTrigEnable), (10 bytes).
    Removing pwm.o(i.PWMGenIntUnregister), (22 bytes).
    Removing pwm.o(i.PWMGenPeriodGet), (18 bytes).
    Removing pwm.o(i.PWMIntDisable), (10 bytes).
    Removing pwm.o(i.PWMIntEnable), (8 bytes).
    Removing pwm.o(i.PWMIntStatus), (10 bytes).
    Removing pwm.o(i.PWMOutputFault), (16 bytes).
    Removing pwm.o(i.PWMOutputFaultLevel), (16 bytes).
    Removing pwm.o(i.PWMOutputInvert), (16 bytes).
    Removing pwm.o(i.PWMOutputUpdateMode), (62 bytes).
    Removing pwm.o(i.PWMPulseWidthGet), (32 bytes).
    Removing pwm.o(i.PWMSyncTimeBase), (4 bytes).
    Removing pwm.o(i.PWMSyncUpdate), (4 bytes).
    Removing pwm.o(i._PWMGenIntNumberGet), (224 bytes).
    Removing qei.o(i.QEIErrorGet), (8 bytes).
    Removing qei.o(i.QEIFilterConfigure), (12 bytes).
    Removing qei.o(i.QEIFilterDisable), (10 bytes).
    Removing qei.o(i.QEIFilterEnable), (10 bytes).
    Removing qei.o(i.QEIIntClear), (4 bytes).
    Removing qei.o(i.QEIIntEnable), (8 bytes).
    Removing qei.o(i.QEIIntRegister), (88 bytes).
    Removing qei.o(i.QEIIntStatus), (10 bytes).
    Removing qei.o(i.QEIIntUnregister), (84 bytes).
    Removing qei.o(i.QEIVelocityConfigure), (16 bytes).
    Removing qei.o(i.QEIVelocityDisable), (10 bytes).
    Removing qei.o(i.QEIVelocityEnable), (10 bytes).
    Removing qei.o(i.QEIVelocityGet), (4 bytes).
    Removing sysctl.o(i.SysCtlAltClkConfig), (12 bytes).
    Removing sysctl.o(i.SysCtlClockFreqSet), (740 bytes).
    Removing sysctl.o(i.SysCtlClockOutConfig), (20 bytes).
    Removing sysctl.o(i.SysCtlDeepSleep), (32 bytes).
    Removing sysctl.o(i.SysCtlDeepSleepClockConfigSet), (112 bytes).
    Removing sysctl.o(i.SysCtlDeepSleepClockSet), (12 bytes).
    Removing sysctl.o(i.SysCtlDeepSleepPowerSet), (12 bytes).
    Removing sysctl.o(i.SysCtlFlashSectorSizeGet), (56 bytes).
    Removing sysctl.o(i.SysCtlFlashSizeGet), (56 bytes).
    Removing sysctl.o(i.SysCtlGPIOAHBDisable), (28 bytes).
    Removing sysctl.o(i.SysCtlGPIOAHBEnable), (24 bytes).
    Removing sysctl.o(i.SysCtlIntClear), (12 bytes).
    Removing sysctl.o(i.SysCtlIntDisable), (16 bytes).
    Removing sysctl.o(i.SysCtlIntEnable), (16 bytes).
    Removing sysctl.o(i.SysCtlIntRegister), (20 bytes).
    Removing sysctl.o(i.SysCtlIntStatus), (16 bytes).
    Removing sysctl.o(i.SysCtlIntUnregister), (18 bytes).
    Removing sysctl.o(i.SysCtlLDODeepSleepGet), (12 bytes).
    Removing sysctl.o(i.SysCtlLDODeepSleepSet), (12 bytes).
    Removing sysctl.o(i.SysCtlLDOSleepGet), (12 bytes).
    Removing sysctl.o(i.SysCtlLDOSleepSet), (12 bytes).
    Removing sysctl.o(i.SysCtlMOSCConfigSet), (12 bytes).
    Removing sysctl.o(i.SysCtlNMIClear), (16 bytes).
    Removing sysctl.o(i.SysCtlNMIStatus), (12 bytes).
    Removing sysctl.o(i.SysCtlPIOSCCalibrate), (76 bytes).
    Removing sysctl.o(i.SysCtlPWMClockGet), (24 bytes).
    Removing sysctl.o(i.SysCtlPWMClockSet), (20 bytes).
    Removing sysctl.o(i.SysCtlPeripheralClockGating), (68 bytes).
    Removing sysctl.o(i.SysCtlPeripheralDeepSleepDisable), (40 bytes).
    Removing sysctl.o(i.SysCtlPeripheralDeepSleepEnable), (40 bytes).
    Removing sysctl.o(i.SysCtlPeripheralDisable), (40 bytes).
    Removing sysctl.o(i.SysCtlPeripheralPowerOff), (40 bytes).
    Removing sysctl.o(i.SysCtlPeripheralPowerOn), (40 bytes).
    Removing sysctl.o(i.SysCtlPeripheralReady), (44 bytes).
    Removing sysctl.o(i.SysCtlPeripheralReset), (60 bytes).
    Removing sysctl.o(i.SysCtlPeripheralSleepDisable), (40 bytes).
    Removing sysctl.o(i.SysCtlPeripheralSleepEnable), (40 bytes).
    Removing sysctl.o(i.SysCtlReset), (16 bytes).
    Removing sysctl.o(i.SysCtlResetBehaviorGet), (12 bytes).
    Removing sysctl.o(i.SysCtlResetBehaviorSet), (12 bytes).
    Removing sysctl.o(i.SysCtlResetCauseClear), (16 bytes).
    Removing sysctl.o(i.SysCtlResetCauseGet), (12 bytes).
    Removing sysctl.o(i.SysCtlSRAMSizeGet), (16 bytes).
    Removing sysctl.o(i.SysCtlSleep), (4 bytes).
    Removing sysctl.o(i.SysCtlSleepPowerSet), (12 bytes).
    Removing sysctl.o(i.SysCtlUSBPLLDisable), (16 bytes).
    Removing sysctl.o(i.SysCtlUSBPLLEnable), (16 bytes).
    Removing sysctl.o(i.SysCtlVCOGet), (120 bytes).
    Removing sysctl.o(i.SysCtlVoltageEventClear), (16 bytes).
    Removing sysctl.o(i.SysCtlVoltageEventConfig), (12 bytes).
    Removing sysctl.o(i.SysCtlVoltageEventStatus), (12 bytes).
    Removing timer.o(i.TimerADCEventGet), (4 bytes).
    Removing timer.o(i.TimerADCEventSet), (4 bytes).
    Removing timer.o(i.TimerClockSourceGet), (6 bytes).
    Removing timer.o(i.TimerClockSourceSet), (6 bytes).
    Removing timer.o(i.TimerControlEvent), (18 bytes).
    Removing timer.o(i.TimerControlLevel), (22 bytes).
    Removing timer.o(i.TimerControlStall), (22 bytes).
    Removing timer.o(i.TimerControlTrigger), (80 bytes).
    Removing timer.o(i.TimerControlWaitOnTrigger), (48 bytes).
    Removing timer.o(i.TimerDMAEventGet), (4 bytes).
    Removing timer.o(i.TimerDMAEventSet), (4 bytes).
    Removing timer.o(i.TimerDisable), (16 bytes).
    Removing timer.o(i.TimerIntDisable), (10 bytes).
    Removing timer.o(i.TimerIntRegister), (104 bytes).
    Removing timer.o(i.TimerIntStatus), (10 bytes).
    Removing timer.o(i.TimerIntUnregister), (104 bytes).
    Removing timer.o(i.TimerLoadGet), (10 bytes).
    Removing timer.o(i.TimerLoadGet64), (14 bytes).
    Removing timer.o(i.TimerLoadSet64), (6 bytes).
    Removing timer.o(i.TimerMatchGet), (10 bytes).
    Removing timer.o(i.TimerMatchGet64), (14 bytes).
    Removing timer.o(i.TimerMatchSet), (18 bytes).
    Removing timer.o(i.TimerMatchSet64), (6 bytes).
    Removing timer.o(i.TimerPrescaleGet), (10 bytes).
    Removing timer.o(i.TimerPrescaleMatchGet), (10 bytes).
    Removing timer.o(i.TimerPrescaleMatchSet), (18 bytes).
    Removing timer.o(i.TimerPrescaleSet), (18 bytes).
    Removing timer.o(i.TimerRTCDisable), (10 bytes).
    Removing timer.o(i.TimerRTCEnable), (10 bytes).
    Removing timer.o(i.TimerSynchronize), (4 bytes).
    Removing timer.o(i.TimerUpdateMode), (42 bytes).
    Removing timer.o(i.TimerValueGet), (10 bytes).
    Removing timer.o(i.TimerValueGet64), (14 bytes).
    Removing timer.o(.constdata), (160 bytes).
    Removing uart.o(i.UART9BitAddrSend), (38 bytes).
    Removing uart.o(i.UART9BitAddrSet), (10 bytes).
    Removing uart.o(i.UART9BitDisable), (14 bytes).
    Removing uart.o(i.UART9BitEnable), (14 bytes).
    Removing uart.o(i.UARTBreakCtl), (18 bytes).
    Removing uart.o(i.UARTBusy), (8 bytes).
    Removing uart.o(i.UARTCharGet), (12 bytes).
    Removing uart.o(i.UARTCharGetNonBlocking), (16 bytes).
    Removing uart.o(i.UARTCharPutNonBlocking), (16 bytes).
    Removing uart.o(i.UARTCharsAvail), (10 bytes).
    Removing uart.o(i.UARTClockSourceGet), (6 bytes).
    Removing uart.o(i.UARTConfigGetExpClk), (46 bytes).
    Removing uart.o(i.UARTDMADisable), (10 bytes).
    Removing uart.o(i.UARTDMAEnable), (8 bytes).
    Removing uart.o(i.UARTDisable), (30 bytes).
    Removing uart.o(i.UARTDisableSIR), (10 bytes).
    Removing uart.o(i.UARTEnableSIR), (18 bytes).
    Removing uart.o(i.UARTFIFODisable), (10 bytes).
    Removing uart.o(i.UARTFIFOEnable), (10 bytes).
    Removing uart.o(i.UARTFIFOLevelGet), (16 bytes).
    Removing uart.o(i.UARTFIFOLevelSet), (6 bytes).
    Removing uart.o(i.UARTFlowControlGet), (8 bytes).
    Removing uart.o(i.UARTFlowControlSet), (12 bytes).
    Removing uart.o(i.UARTIntClear), (4 bytes).
    Removing uart.o(i.UARTIntDisable), (10 bytes).
    Removing uart.o(i.UARTIntEnable), (8 bytes).
    Removing uart.o(i.UARTIntRegister), (88 bytes).
    Removing uart.o(i.UARTIntStatus), (10 bytes).
    Removing uart.o(i.UARTIntUnregister), (88 bytes).
    Removing uart.o(i.UARTLoopbackEnable), (10 bytes).
    Removing uart.o(i.UARTModemControlClear), (14 bytes).
    Removing uart.o(i.UARTModemControlGet), (8 bytes).
    Removing uart.o(i.UARTModemControlSet), (12 bytes).
    Removing uart.o(i.UARTModemStatusGet), (10 bytes).
    Removing uart.o(i.UARTParityModeGet), (8 bytes).
    Removing uart.o(i.UARTParityModeSet), (12 bytes).
    Removing uart.o(i.UARTRxErrorClear), (6 bytes).
    Removing uart.o(i.UARTRxErrorGet), (8 bytes).
    Removing uart.o(i.UARTSmartCardDisable), (10 bytes).
    Removing uart.o(i.UARTSmartCardEnable), (22 bytes).
    Removing uart.o(i.UARTSpaceAvail), (10 bytes).
    Removing uart.o(i.UARTTxIntModeGet), (8 bytes).
    Removing uart.o(i.UARTTxIntModeSet), (12 bytes).
    Removing uart.o(.constdata), (128 bytes).
    Removing cpu.o(.emb_text), (38 bytes).

361 unused section(s) (total 11520 bytes) removed from the image.

==============================================================================

Image Symbol Table

    Local Symbols

    Symbol Name                              Value     Ov Type        Size  Object(Section)

    RESET                                    0x00000000   Section      648  startup_rvmdk.o(RESET)
    ../clib/angel/boardlib.s                 0x00000000   Number         0  boardinit3.o ABSOLUTE
    ../clib/angel/boardlib.s                 0x00000000   Number         0  boardinit2.o ABSOLUTE
    ../clib/angel/boardlib.s                 0x00000000   Number         0  boardinit1.o ABSOLUTE
    ../clib/angel/boardlib.s                 0x00000000   Number         0  boardshut.o ABSOLUTE
    ../clib/angel/handlers.s                 0x00000000   Number         0  __scatter_zi.o ABSOLUTE
    ../clib/angel/handlers.s                 0x00000000   Number         0  __scatter_copy.o ABSOLUTE
    ../clib/angel/kernel.s                   0x00000000   Number         0  __rtentry4.o ABSOLUTE
    ../clib/angel/kernel.s                   0x00000000   Number         0  rtexit.o ABSOLUTE
    ../clib/angel/kernel.s                   0x00000000   Number         0  rtexit2.o ABSOLUTE
    ../clib/angel/kernel.s                   0x00000000   Number         0  __rtentry2.o ABSOLUTE
    ../clib/angel/kernel.s                   0x00000000   Number         0  __rtentry.o ABSOLUTE
    ../clib/angel/rt.s                       0x00000000   Number         0  rt_raise.o ABSOLUTE
    ../clib/angel/scatter.s                  0x00000000   Number         0  __scatter.o ABSOLUTE
    ../clib/angel/startup.s                  0x00000000   Number         0  __main.o ABSOLUTE
    ../clib/angel/sys.s                      0x00000000   Number         0  sys_stackheap_outer.o ABSOLUTE
    ../clib/angel/sys.s                      0x00000000   Number         0  libspace.o ABSOLUTE
    ../clib/angel/sys.s                      0x00000000   Number         0  indicate_semi.o ABSOLUTE
    ../clib/angel/sys.s                      0x00000000   Number         0  use_no_semi.o ABSOLUTE
    ../clib/angel/sysapp.c                   0x00000000   Number         0  sys_exit.o ABSOLUTE
    ../clib/angel/sysapp.c                   0x00000000   Number         0  sys_command.o ABSOLUTE
    ../clib/angel/sysapp.c                   0x00000000   Number         0  sys_wrch.o ABSOLUTE
    ../clib/armsys.c                         0x00000000   Number         0  argv_veneer.o ABSOLUTE
    ../clib/armsys.c                         0x00000000   Number         0  _get_argv_nomalloc.o ABSOLUTE
    ../clib/armsys.c                         0x00000000   Number         0  no_argv.o ABSOLUTE
    ../clib/armsys.c                         0x00000000   Number         0  argv_veneer.o ABSOLUTE
    ../clib/heapalloc.c                      0x00000000   Number         0  hrguard.o ABSOLUTE
    ../clib/heapaux.c                        0x00000000   Number         0  heapauxi.o ABSOLUTE
    ../clib/libinit.s                        0x00000000   Number         0  libinit.o ABSOLUTE
    ../clib/libinit.s                        0x00000000   Number         0  libshutdown2.o ABSOLUTE
    ../clib/libinit.s                        0x00000000   Number         0  libinit2.o ABSOLUTE
    ../clib/libinit.s                        0x00000000   Number         0  libshutdown.o ABSOLUTE
    ../clib/signal.c                         0x00000000   Number         0  defsig_exit.o ABSOLUTE
    ../clib/signal.c                         0x00000000   Number         0  defsig_general.o ABSOLUTE
    ../clib/signal.c                         0x00000000   Number         0  defsig_rtred_inner.o ABSOLUTE
    ../clib/signal.c                         0x00000000   Number         0  __raise.o ABSOLUTE
    ../clib/signal.c                         0x00000000   Number         0  defsig_rtmem_inner.o ABSOLUTE
    ../clib/signal.c                         0x00000000   Number         0  defsig_rtmem_formal.o ABSOLUTE
    ../clib/signal.c                         0x00000000   Number         0  defsig_other.o ABSOLUTE
    ../clib/signal.c                         0x00000000   Number         0  defsig_segv_inner.o ABSOLUTE
    ../clib/signal.c                         0x00000000   Number         0  defsig_cppl_inner.o ABSOLUTE
    ../clib/signal.c                         0x00000000   Number         0  defsig_pvfn_inner.o ABSOLUTE
    ../clib/signal.c                         0x00000000   Number         0  defsig_stak_inner.o ABSOLUTE
    ../clib/signal.c                         0x00000000   Number         0  defsig_rtmem_outer.o ABSOLUTE
    ../clib/signal.c                         0x00000000   Number         0  defsig_fpe_inner.o ABSOLUTE
    ../clib/signal.c                         0x00000000   Number         0  defsig_abrt_inner.o ABSOLUTE
    ../clib/signal.s                         0x00000000   Number         0  defsig.o ABSOLUTE
    ../clib/stdlib.c                         0x00000000   Number         0  exit.o ABSOLUTE
    ../fplib/fpinit.s                        0x00000000   Number         0  fpinit.o ABSOLUTE
    Accelerometer.c                          0x00000000   Number         0  accelerometer.o ABSOLUTE
    Button.c                                 0x00000000   Number         0  button.o ABSOLUTE
    Encoder.c                                0x00000000   Number         0  encoder.o ABSOLUTE
    LCD.c                                    0x00000000   Number         0  lcd.o ABSOLUTE
    LCD.c                                    0x00000000   Number         0  lcd.o ABSOLUTE
    PWM.c                                    0x00000000   Number         0  pwm.o ABSOLUTE
    Quake_Detector.c                         0x00000000   Number         0  quake_detector.o ABSOLUTE
    Temperature.c                            0x00000000   Number         0  temperature.o ABSOLUTE
    adc.c                                    0x00000000   Number         0  adc.o ABSOLUTE
    cpu.c                                    0x00000000   Number         0  cpu.o ABSOLUTE
    cpu.c                                    0x00000000   Number         0  cpu.o ABSOLUTE
    dc.s                                     0x00000000   Number         0  dc.o ABSOLUTE
    gpio.c                                   0x00000000   Number         0  gpio.o ABSOLUTE
    hibernate.c                              0x00000000   Number         0  hibernate.o ABSOLUTE
    i2c.c                                    0x00000000   Number         0  i2c.o ABSOLUTE
    interrupt.c                              0x00000000   Number         0  interrupt.o ABSOLUTE
    pwm.c                                    0x00000000   Number         0  pwm.o ABSOLUTE
    qei.c                                    0x00000000   Number         0  qei.o ABSOLUTE
    startup_rvmdk.S                          0x00000000   Number         0  startup_rvmdk.o ABSOLUTE
    sysctl.c                                 0x00000000   Number         0  sysctl.o ABSOLUTE
    sysctl.c                                 0x00000000   Number         0  sysctl.o ABSOLUTE
    timer.c                                  0x00000000   Number         0  timer.o ABSOLUTE
    uart.c                                   0x00000000   Number         0  uart.o ABSOLUTE
    uartstdio.c                              0x00000000   Number         0  uartstdio.o ABSOLUTE
    $v0                                      0x0000026c   Number         0  startup_rvmdk.o(RESET)
    NmiSR                                    0x00000281   Thumb Code     0  startup_rvmdk.o(RESET)
    FaultISR                                 0x00000283   Thumb Code     0  startup_rvmdk.o(RESET)
    IntDefaultHandler                        0x00000285   Thumb Code     0  startup_rvmdk.o(RESET)
    !!!main                                  0x00000288   Section        8  __main.o(!!!main)
    !!!scatter                               0x00000290   Section       52  __scatter.o(!!!scatter)
    !!handler_copy                           0x000002c4   Section       26  __scatter_copy.o(!!handler_copy)
    !!handler_zi                             0x000002e0   Section       28  __scatter_zi.o(!!handler_zi)
    .ARM.Collect$$libinit$$00000000          0x000002fc   Section        2  libinit.o(.ARM.Collect$$libinit$$00000000)
    .ARM.Collect$$libinit$$00000001          0x000002fe   Section        4  libinit2.o(.ARM.Collect$$libinit$$00000001)
    .ARM.Collect$$libinit$$00000004          0x00000302   Section        0  libinit2.o(.ARM.Collect$$libinit$$00000004)
    .ARM.Collect$$libinit$$0000000A          0x00000302   Section        0  libinit2.o(.ARM.Collect$$libinit$$0000000A)
    .ARM.Collect$$libinit$$0000000C          0x00000302   Section        0  libinit2.o(.ARM.Collect$$libinit$$0000000C)
    .ARM.Collect$$libinit$$0000000E          0x00000302   Section        0  libinit2.o(.ARM.Collect$$libinit$$0000000E)
    .ARM.Collect$$libinit$$00000011          0x00000302   Section        0  libinit2.o(.ARM.Collect$$libinit$$00000011)
    .ARM.Collect$$libinit$$00000013          0x00000302   Section        0  libinit2.o(.ARM.Collect$$libinit$$00000013)
    .ARM.Collect$$libinit$$00000015          0x00000302   Section        0  libinit2.o(.ARM.Collect$$libinit$$00000015)
    .ARM.Collect$$libinit$$00000017          0x00000302   Section        0  libinit2.o(.ARM.Collect$$libinit$$00000017)
    .ARM.Collect$$libinit$$00000019          0x00000302   Section        0  libinit2.o(.ARM.Collect$$libinit$$00000019)
    .ARM.Collect$$libinit$$0000001B          0x00000302   Section        0  libinit2.o(.ARM.Collect$$libinit$$0000001B)
    .ARM.Collect$$libinit$$0000001D          0x00000302   Section        0  libinit2.o(.ARM.Collect$$libinit$$0000001D)
    .ARM.Collect$$libinit$$0000001F          0x00000302   Section        0  libinit2.o(.ARM.Collect$$libinit$$0000001F)
    .ARM.Collect$$libinit$$00000021          0x00000302   Section        0  libinit2.o(.ARM.Collect$$libinit$$00000021)
    .ARM.Collect$$libinit$$00000023          0x00000302   Section        0  libinit2.o(.ARM.Collect$$libinit$$00000023)
    .ARM.Collect$$libinit$$00000025          0x00000302   Section        0  libinit2.o(.ARM.Collect$$libinit$$00000025)
    .ARM.Collect$$libinit$$0000002C          0x00000302   Section        0  libinit2.o(.ARM.Collect$$libinit$$0000002C)
    .ARM.Collect$$libinit$$0000002E          0x00000302   Section        0  libinit2.o(.ARM.Collect$$libinit$$0000002E)
    .ARM.Collect$$libinit$$00000030          0x00000302   Section        0  libinit2.o(.ARM.Collect$$libinit$$00000030)
    .ARM.Collect$$libinit$$00000032          0x00000302   Section        0  libinit2.o(.ARM.Collect$$libinit$$00000032)
    .ARM.Collect$$libinit$$00000033          0x00000302   Section        2  libinit2.o(.ARM.Collect$$libinit$$00000033)
    .ARM.Collect$$libshutdown$$00000000      0x00000304   Section        2  libshutdown.o(.ARM.Collect$$libshutdown$$00000000)
    .ARM.Collect$$libshutdown$$00000002      0x00000306   Section        0  libshutdown2.o(.ARM.Collect$$libshutdown$$00000002)
    .ARM.Collect$$libshutdown$$00000004      0x00000306   Section        0  libshutdown2.o(.ARM.Collect$$libshutdown$$00000004)
    .ARM.Collect$$libshutdown$$00000007      0x00000306   Section        0  libshutdown2.o(.ARM.Collect$$libshutdown$$00000007)
    .ARM.Collect$$libshutdown$$0000000A      0x00000306   Section        0  libshutdown2.o(.ARM.Collect$$libshutdown$$0000000A)
    .ARM.Collect$$libshutdown$$0000000C      0x00000306   Section        0  libshutdown2.o(.ARM.Collect$$libshutdown$$0000000C)
    .ARM.Collect$$libshutdown$$0000000F      0x00000306   Section        0  libshutdown2.o(.ARM.Collect$$libshutdown$$0000000F)
    .ARM.Collect$$libshutdown$$00000010      0x00000306   Section        2  libshutdown2.o(.ARM.Collect$$libshutdown$$00000010)
    .ARM.Collect$$rtentry$$00000000          0x00000308   Section        0  __rtentry.o(.ARM.Collect$$rtentry$$00000000)
    .ARM.Collect$$rtentry$$00000002          0x00000308   Section        0  __rtentry2.o(.ARM.Collect$$rtentry$$00000002)
    .ARM.Collect$$rtentry$$00000004          0x00000308   Section        6  __rtentry4.o(.ARM.Collect$$rtentry$$00000004)
    .ARM.Collect$$rtentry$$00000009          0x0000030e   Section        0  __rtentry2.o(.ARM.Collect$$rtentry$$00000009)
    .ARM.Collect$$rtentry$$0000000A          0x0000030e   Section        4  __rtentry2.o(.ARM.Collect$$rtentry$$0000000A)
    .ARM.Collect$$rtentry$$0000000C          0x00000312   Section        0  __rtentry2.o(.ARM.Collect$$rtentry$$0000000C)
    .ARM.Collect$$rtentry$$0000000D          0x00000312   Section        8  __rtentry2.o(.ARM.Collect$$rtentry$$0000000D)
    .ARM.Collect$$rtexit$$00000000           0x0000031a   Section        2  rtexit.o(.ARM.Collect$$rtexit$$00000000)
    .ARM.Collect$$rtexit$$00000002           0x0000031c   Section        0  rtexit2.o(.ARM.Collect$$rtexit$$00000002)
    .ARM.Collect$$rtexit$$00000003           0x0000031c   Section        4  rtexit2.o(.ARM.Collect$$rtexit$$00000003)
    .ARM.Collect$$rtexit$$00000004           0x00000320   Section        6  rtexit2.o(.ARM.Collect$$rtexit$$00000004)
    .emb_text                                0x00000328   Section        6  sysctl.o(.emb_text)
    $v0                                      0x00000328   Number         0  sysctl.o(.emb_text)
    .text                                    0x00000330   Section       24  startup_rvmdk.o(.text)
    $v0                                      0x00000330   Number         0  startup_rvmdk.o(.text)
    .text                                    0x00000348   Section        0  heapauxi.o(.text)
    .text                                    0x0000034e   Section       74  sys_stackheap_outer.o(.text)
    .text                                    0x00000398   Section        0  exit.o(.text)
    .text                                    0x000003ac   Section        8  libspace.o(.text)
    .text                                    0x000003b4   Section        0  sys_exit.o(.text)
    .text                                    0x000003c0   Section        2  use_no_semi.o(.text)
    .text                                    0x000003c2   Section        0  indicate_semi.o(.text)
    i.ADCIntClear                            0x000003c2   Section        0  adc.o(i.ADCIntClear)
    i.ADCIntEnableEx                         0x000003cc   Section        0  adc.o(i.ADCIntEnableEx)
    i.ADCProcessorTrigger                    0x000003d4   Section        0  adc.o(i.ADCProcessorTrigger)
    i.ADCSequenceConfigure                   0x000003ee   Section        0  adc.o(i.ADCSequenceConfigure)
    i.ADCSequenceDataGet                     0x0000044e   Section        0  adc.o(i.ADCSequenceDataGet)
    i.ADCSequenceDisable                     0x00000472   Section        0  adc.o(i.ADCSequenceDisable)
    i.ADCSequenceEnable                      0x00000482   Section        0  adc.o(i.ADCSequenceEnable)
    i.ADCSequenceStepConfigure               0x00000490   Section        0  adc.o(i.ADCSequenceStepConfigure)
    i.ADC_Handler                            0x0000052c   Section        0  quake_detector.o(i.ADC_Handler)
    i.ADC_Init                               0x0000056c   Section        0  temperature.o(i.ADC_Init)
    i.Check_PWM_Range                        0x000005c4   Section        0  pwm.o(i.Check_PWM_Range)
    i.D_Interrupt_Init                       0x000005e0   Section        0  button.o(i.D_Interrupt_Init)
    i.GPIODirModeSet                         0x00000620   Section        0  gpio.o(i.GPIODirModeSet)
    i.GPIOPadConfigSet                       0x00000648   Section        0  gpio.o(i.GPIOPadConfigSet)
    i.GPIOPinConfigure                       0x00000780   Section        0  gpio.o(i.GPIOPinConfigure)
    i.GPIOPinTypeGPIOInput                   0x000007c4   Section        0  gpio.o(i.GPIOPinTypeGPIOInput)
    i.GPIOPinTypeGPIOOutput                  0x000007e0   Section        0  gpio.o(i.GPIOPinTypeGPIOOutput)
    i.GPIOPinTypeI2C                         0x000007fc   Section        0  gpio.o(i.GPIOPinTypeI2C)
    i.GPIOPinTypeI2CSCL                      0x00000818   Section        0  gpio.o(i.GPIOPinTypeI2CSCL)
    i.GPIOPinTypePWM                         0x00000834   Section        0  gpio.o(i.GPIOPinTypePWM)
    i.GPIOPinTypeQEI                         0x00000850   Section        0  gpio.o(i.GPIOPinTypeQEI)
    i.GPIOPinTypeUART                        0x0000086c   Section        0  gpio.o(i.GPIOPinTypeUART)
    i.GPIOPortD_Handler                      0x00000888   Section        0  quake_detector.o(i.GPIOPortD_Handler)
    i.HibernateEnableExpClk                  0x000008c8   Section        0  hibernate.o(i.HibernateEnableExpClk)
    i.HibernateGPIORetentionEnable           0x000008e0   Section        0  hibernate.o(i.HibernateGPIORetentionEnable)
    i.HibernateRTCEnable                     0x000008fc   Section        0  hibernate.o(i.HibernateRTCEnable)
    i.HibernateRTCMatchSet                   0x00000914   Section        0  hibernate.o(i.HibernateRTCMatchSet)
    i.HibernateRTCSet                        0x00000928   Section        0  hibernate.o(i.HibernateRTCSet)
    i.HibernateRequest                       0x0000095c   Section        0  hibernate.o(i.HibernateRequest)
    i.HibernateWakeSet                       0x00000974   Section        0  hibernate.o(i.HibernateWakeSet)
    i.I2CMasterBusy                          0x000009e0   Section        0  i2c.o(i.I2CMasterBusy)
    i.I2CMasterControl                       0x000009ec   Section        0  i2c.o(i.I2CMasterControl)
    i.I2CMasterDataGet                       0x000009f0   Section        0  i2c.o(i.I2CMasterDataGet)
    i.I2CMasterDataPut                       0x000009f4   Section        0  i2c.o(i.I2CMasterDataPut)
    i.I2CMasterInitExpClk                    0x000009f8   Section        0  i2c.o(i.I2CMasterInitExpClk)
    i.I2CMasterSlaveAddrSet                  0x00000a4c   Section        0  i2c.o(i.I2CMasterSlaveAddrSet)
    i.I2C_Init                               0x00000a54   Section        0  accelerometer.o(i.I2C_Init)
    i.InitConsole                            0x00000a8c   Section        0  accelerometer.o(i.InitConsole)
    i.IntEnable                              0x00000acc   Section        0  interrupt.o(i.IntEnable)
    i.IntGlobalDisable                       0x00000b30   Section        0  quake_detector.o(i.IntGlobalDisable)
    i.IntGlobalEnable                        0x00000b34   Section        0  quake_detector.o(i.IntGlobalEnable)
    i.IntPrioritySet                         0x00000b38   Section        0  interrupt.o(i.IntPrioritySet)
    i.LCD_Init                               0x00000b60   Section        0  lcd.o(i.LCD_Init)
    i.LCD_bus_write                          0x00000c40   Section        0  lcd.o(i.LCD_bus_write)
    i.LCD_clrscr                             0x00000c94   Section        0  lcd.o(i.LCD_clrscr)
    i.LCD_command                            0x00000ca8   Section        0  lcd.o(i.LCD_command)
    i.LCD_data                               0x00000ce4   Section        0  lcd.o(i.LCD_data)
    i.LCD_goto                               0x00000d30   Section        0  lcd.o(i.LCD_goto)
    i.LCD_putc                               0x00000d50   Section        0  lcd.o(i.LCD_putc)
    i.LCD_puti                               0x00000d7c   Section        0  lcd.o(i.LCD_puti)
    i.LCD_puts                               0x00000de0   Section        0  lcd.o(i.LCD_puts)
    i.PWMGenConfigure                        0x00000df6   Section        0  pwm.o(i.PWMGenConfigure)
    i.PWMGenEnable                           0x00000e1c   Section        0  pwm.o(i.PWMGenEnable)
    i.PWMGenPeriodSet                        0x00000e26   Section        0  pwm.o(i.PWMGenPeriodSet)
    i.PWMOutputState                         0x00000e38   Section        0  pwm.o(i.PWMOutputState)
    i.PWMPulseWidthSet                       0x00000e48   Section        0  pwm.o(i.PWMPulseWidthSet)
    i.PWM_Init                               0x00000e68   Section        0  pwm.o(i.PWM_Init)
    i.PortFunctionInit                       0x00000f54   Section        0  quake_detector.o(i.PortFunctionInit)
    i.QEIConfigure                           0x00000fc8   Section        0  qei.o(i.QEIConfigure)
    i.QEIDirectionGet                        0x00000fd6   Section        0  qei.o(i.QEIDirectionGet)
    i.QEIDisable                             0x00000fe6   Section        0  qei.o(i.QEIDisable)
    i.QEIEnable                              0x00000ff0   Section        0  qei.o(i.QEIEnable)
    i.QEIIntDisable                          0x00000ffa   Section        0  qei.o(i.QEIIntDisable)
    i.QEIPositionGet                         0x00001004   Section        0  qei.o(i.QEIPositionGet)
    i.QEIPositionSet                         0x00001008   Section        0  qei.o(i.QEIPositionSet)
    i.QEI_Init                               0x0000100c   Section        0  encoder.o(i.QEI_Init)
    i.Quadrature0_Handler                    0x00001150   Section        0  encoder.o(i.Quadrature0_Handler)
    i.Read                                   0x0000117c   Section        0  lcd.o(i.Read)
    i.SysCtlClockGet                         0x00001208   Section        0  sysctl.o(i.SysCtlClockGet)
    i.SysCtlClockSet                         0x0000135c   Section        0  sysctl.o(i.SysCtlClockSet)
    i.SysCtlPeripheralEnable                 0x0000147c   Section        0  sysctl.o(i.SysCtlPeripheralEnable)
    i.SysCtlPeripheralPresent                0x000014a4   Section        0  sysctl.o(i.SysCtlPeripheralPresent)
    i.Timer0A_Handler                        0x000014d0   Section        0  quake_detector.o(i.Timer0A_Handler)
    i.Timer0A_Init                           0x00001a98   Section        0  accelerometer.o(i.Timer0A_Init)
    i.TimerConfigure                         0x00001adc   Section        0  timer.o(i.TimerConfigure)
    i.TimerEnable                            0x00001b3c   Section        0  timer.o(i.TimerEnable)
    i.TimerIntClear                          0x00001b4a   Section        0  timer.o(i.TimerIntClear)
    i.TimerIntEnable                         0x00001b4e   Section        0  timer.o(i.TimerIntEnable)
    i.TimerLoadSet                           0x00001b56   Section        0  timer.o(i.TimerLoadSet)
    i.UARTCharPut                            0x00001b68   Section        0  uart.o(i.UARTCharPut)
    i.UARTClockSourceSet                     0x00001b74   Section        0  uart.o(i.UARTClockSourceSet)
    i.UARTConfigSetExpClk                    0x00001b7a   Section        0  uart.o(i.UARTConfigSetExpClk)
    i.UARTEnable                             0x00001be8   Section        0  uart.o(i.UARTEnable)
    i.UARTStdioConfig                        0x00001bfc   Section        0  uartstdio.o(i.UARTStdioConfig)
    i.UARTprintf                             0x00001c4c   Section        0  uartstdio.o(i.UARTprintf)
    i.UARTvprintf                            0x00001c68   Section        0  uartstdio.o(i.UARTvprintf)
    i.UARTwrite                              0x00001eb8   Section        0  uartstdio.o(i.UARTwrite)
    i.Update_PWM                             0x00001eec   Section        0  pwm.o(i.Update_PWM)
    i.conjoin                                0x00001f38   Section        0  accelerometer.o(i.conjoin)
    i.enable                                 0x00001f48   Section        0  lcd.o(i.enable)
    i.main                                   0x00001f74   Section        0  quake_detector.o(i.main)
    i.readProcess                            0x00002054   Section        0  accelerometer.o(i.readProcess)
    i.writeProcess                           0x000020b0   Section        0  accelerometer.o(i.writeProcess)
    x$fpl$fpinit                             0x0000210c   Section       10  fpinit.o(x$fpl$fpinit)
    $v0                                      0x0000210c   Number         0  fpinit.o(x$fpl$fpinit)
    .constdata                               0x00002118   Section       28  uartstdio.o(.constdata)
    g_pcHex                                  0x00002118   Data           4  uartstdio.o(.constdata)
    g_ui32UARTBase                           0x0000211c   Data          12  uartstdio.o(.constdata)
    g_ui32UARTPeriph                         0x00002128   Data          12  uartstdio.o(.constdata)
    .constdata                               0x00002134   Section      552  gpio.o(.constdata)
    g_ppui32GPIOIntMapBlizzard               0x00002134   Data         192  gpio.o(.constdata)
    g_ppui32GPIOIntMapSnowflake              0x000021f4   Data         216  gpio.o(.constdata)
    g_pui32GPIOBaseAddrs                     0x000022cc   Data         144  gpio.o(.constdata)
    .constdata                               0x0000235c   Section      268  interrupt.o(.constdata)
    g_pui32Priority                          0x0000235c   Data          32  interrupt.o(.constdata)
    g_pui32Regs                              0x0000237c   Data         156  interrupt.o(.constdata)
    g_pui32EnRegs                            0x00002418   Data          20  interrupt.o(.constdata)
    g_pui32Dii16Regs                         0x0000242c   Data          20  interrupt.o(.constdata)
    g_pui32PendRegs                          0x00002440   Data          20  interrupt.o(.constdata)
    g_pui32UnpendRegs                        0x00002454   Data          20  interrupt.o(.constdata)
    .constdata                               0x00002468   Section      596  sysctl.o(.constdata)
    g_pui32VCOFrequencies                    0x00002468   Data           8  sysctl.o(.constdata)
    g_pui32Xtals                             0x00002470   Data         108  sysctl.o(.constdata)
    g_pppui32XTALtoVCO                       0x000024dc   Data         432  sysctl.o(.constdata)
    g_sXTALtoMEMTIM                          0x0000268c   Data          48  sysctl.o(.constdata)
    .conststring                             0x000026bc   Section       17  uartstdio.o(.conststring)
    .data                                    0x20000000   Section        4  encoder.o(.data)
    .data                                    0x20000004   Section        5  uartstdio.o(.data)
    g_ui32Base                               0x20000004   Data           4  uartstdio.o(.data)
    bLastWasCR                               0x20000008   Data           1  uartstdio.o(.data)
    .data                                    0x2000000c   Section       88  quake_detector.o(.data)
    .bss                                     0x20000064   Section     2400  quake_detector.o(.bss)
    .bss                                     0x200009c4   Section       96  libspace.o(.bss)
    HEAP                                     0x20000a28   Section        0  startup_rvmdk.o(HEAP)
    STACK                                    0x20000a28   Section      256  startup_rvmdk.o(STACK)
    HeapMem                                  0x20000a28   Data           0  startup_rvmdk.o(HEAP)
    StackMem                                 0x20000a28   Data           0  startup_rvmdk.o(STACK)

    Global Symbols

    Symbol Name                              Value     Ov Type        Size  Object(Section)

    BuildAttributes$$THM_ISAv4$E$P$D$K$B$S$7EM$VFPi3$EXTD16$VFPS$VFMA$PE$A:L22UL41UL21$X:L11$S22US41US21$IEEE1$IW$USESV6$~STKCKD$USESV7$~SHL$OTIME$ROPI$EBA8$UX$STANDARDLIB$REQ8$PRES8$EABIv2 0x00000000   Number         0  anon$$obj.o ABSOLUTE
    __ARM_use_no_argv                        0x00000000   Number         0  quake_detector.o ABSOLUTE
    __Vectors                                0x00000000   Data           0  startup_rvmdk.o(RESET)
    __ARM_exceptions_init                     - Undefined Weak Reference
    __alloca_initialize                       - Undefined Weak Reference
    __arm_preinit_                            - Undefined Weak Reference
    __cpp_initialize__aeabi_                  - Undefined Weak Reference
    __cxa_finalize                            - Undefined Weak Reference
    __rt_locale                               - Undefined Weak Reference
    __sigvec_lookup                           - Undefined Weak Reference
    _atexit_init                              - Undefined Weak Reference
    _call_atexit_fns                          - Undefined Weak Reference
    _clock_init                               - Undefined Weak Reference
    _fp_trap_init                             - Undefined Weak Reference
    _fp_trap_shutdown                         - Undefined Weak Reference
    _get_lc_collate                           - Undefined Weak Reference
    _get_lc_ctype                             - Undefined Weak Reference
    _get_lc_monetary                          - Undefined Weak Reference
    _get_lc_numeric                           - Undefined Weak Reference
    _get_lc_time                              - Undefined Weak Reference
    _getenv_init                              - Undefined Weak Reference
    _handle_redirection                       - Undefined Weak Reference
    _init_alloc                               - Undefined Weak Reference
    _init_user_alloc                          - Undefined Weak Reference
    _initio                                   - Undefined Weak Reference
    _rand_init                                - Undefined Weak Reference
    _signal_finish                            - Undefined Weak Reference
    _signal_init                              - Undefined Weak Reference
    _terminate_alloc                          - Undefined Weak Reference
    _terminate_user_alloc                     - Undefined Weak Reference
    _terminateio                              - Undefined Weak Reference
    Reset_Handler                            0x0000026d   Thumb Code     0  startup_rvmdk.o(RESET)
    __main                                   0x00000289   Thumb Code     8  __main.o(!!!main)
    __scatterload                            0x00000291   Thumb Code     0  __scatter.o(!!!scatter)
    __scatterload_rt2                        0x00000291   Thumb Code    44  __scatter.o(!!!scatter)
    __scatterload_rt2_thumb_only             0x00000291   Thumb Code     0  __scatter.o(!!!scatter)
    __scatterload_null                       0x0000029f   Thumb Code     0  __scatter.o(!!!scatter)
    __scatterload_copy                       0x000002c5   Thumb Code    26  __scatter_copy.o(!!handler_copy)
    __scatterload_zeroinit                   0x000002e1   Thumb Code    28  __scatter_zi.o(!!handler_zi)
    __rt_lib_init                            0x000002fd   Thumb Code     0  libinit.o(.ARM.Collect$$libinit$$00000000)
    __rt_lib_init_fp_1                       0x000002ff   Thumb Code     0  libinit2.o(.ARM.Collect$$libinit$$00000001)
    __rt_lib_init_alloca_1                   0x00000303   Thumb Code     0  libinit2.o(.ARM.Collect$$libinit$$0000002E)
    __rt_lib_init_argv_1                     0x00000303   Thumb Code     0  libinit2.o(.ARM.Collect$$libinit$$0000002C)
    __rt_lib_init_atexit_1                   0x00000303   Thumb Code     0  libinit2.o(.ARM.Collect$$libinit$$0000001B)
    __rt_lib_init_clock_1                    0x00000303   Thumb Code     0  libinit2.o(.ARM.Collect$$libinit$$00000021)
    __rt_lib_init_cpp_1                      0x00000303   Thumb Code     0  libinit2.o(.ARM.Collect$$libinit$$00000032)
    __rt_lib_init_exceptions_1               0x00000303   Thumb Code     0  libinit2.o(.ARM.Collect$$libinit$$00000030)
    __rt_lib_init_fp_trap_1                  0x00000303   Thumb Code     0  libinit2.o(.ARM.Collect$$libinit$$0000001F)
    __rt_lib_init_getenv_1                   0x00000303   Thumb Code     0  libinit2.o(.ARM.Collect$$libinit$$00000023)
    __rt_lib_init_heap_1                     0x00000303   Thumb Code     0  libinit2.o(.ARM.Collect$$libinit$$0000000A)
    __rt_lib_init_lc_collate_1               0x00000303   Thumb Code     0  libinit2.o(.ARM.Collect$$libinit$$00000011)
    __rt_lib_init_lc_ctype_1                 0x00000303   Thumb Code     0  libinit2.o(.ARM.Collect$$libinit$$00000013)
    __rt_lib_init_lc_monetary_1              0x00000303   Thumb Code     0  libinit2.o(.ARM.Collect$$libinit$$00000015)
    __rt_lib_init_lc_numeric_1               0x00000303   Thumb Code     0  libinit2.o(.ARM.Collect$$libinit$$00000017)
    __rt_lib_init_lc_time_1                  0x00000303   Thumb Code     0  libinit2.o(.ARM.Collect$$libinit$$00000019)
    __rt_lib_init_preinit_1                  0x00000303   Thumb Code     0  libinit2.o(.ARM.Collect$$libinit$$00000004)
    __rt_lib_init_rand_1                     0x00000303   Thumb Code     0  libinit2.o(.ARM.Collect$$libinit$$0000000E)
    __rt_lib_init_return                     0x00000303   Thumb Code     0  libinit2.o(.ARM.Collect$$libinit$$00000033)
    __rt_lib_init_signal_1                   0x00000303   Thumb Code     0  libinit2.o(.ARM.Collect$$libinit$$0000001D)
    __rt_lib_init_stdio_1                    0x00000303   Thumb Code     0  libinit2.o(.ARM.Collect$$libinit$$00000025)
    __rt_lib_init_user_alloc_1               0x00000303   Thumb Code     0  libinit2.o(.ARM.Collect$$libinit$$0000000C)
    __rt_lib_shutdown                        0x00000305   Thumb Code     0  libshutdown.o(.ARM.Collect$$libshutdown$$00000000)
    __rt_lib_shutdown_cpp_1                  0x00000307   Thumb Code     0  libshutdown2.o(.ARM.Collect$$libshutdown$$00000002)
    __rt_lib_shutdown_fp_trap_1              0x00000307   Thumb Code     0  libshutdown2.o(.ARM.Collect$$libshutdown$$00000007)
    __rt_lib_shutdown_heap_1                 0x00000307   Thumb Code     0  libshutdown2.o(.ARM.Collect$$libshutdown$$0000000F)
    __rt_lib_shutdown_return                 0x00000307   Thumb Code     0  libshutdown2.o(.ARM.Collect$$libshutdown$$00000010)
    __rt_lib_shutdown_signal_1               0x00000307   Thumb Code     0  libshutdown2.o(.ARM.Collect$$libshutdown$$0000000A)
    __rt_lib_shutdown_stdio_1                0x00000307   Thumb Code     0  libshutdown2.o(.ARM.Collect$$libshutdown$$00000004)
    __rt_lib_shutdown_user_alloc_1           0x00000307   Thumb Code     0  libshutdown2.o(.ARM.Collect$$libshutdown$$0000000C)
    __rt_entry                               0x00000309   Thumb Code     0  __rtentry.o(.ARM.Collect$$rtentry$$00000000)
    __rt_entry_presh_1                       0x00000309   Thumb Code     0  __rtentry2.o(.ARM.Collect$$rtentry$$00000002)
    __rt_entry_sh                            0x00000309   Thumb Code     0  __rtentry4.o(.ARM.Collect$$rtentry$$00000004)
    __rt_entry_li                            0x0000030f   Thumb Code     0  __rtentry2.o(.ARM.Collect$$rtentry$$0000000A)
    __rt_entry_postsh_1                      0x0000030f   Thumb Code     0  __rtentry2.o(.ARM.Collect$$rtentry$$00000009)
    __rt_entry_main                          0x00000313   Thumb Code     0  __rtentry2.o(.ARM.Collect$$rtentry$$0000000D)
    __rt_entry_postli_1                      0x00000313   Thumb Code     0  __rtentry2.o(.ARM.Collect$$rtentry$$0000000C)
    __rt_exit                                0x0000031b   Thumb Code     0  rtexit.o(.ARM.Collect$$rtexit$$00000000)
    __rt_exit_ls                             0x0000031d   Thumb Code     0  rtexit2.o(.ARM.Collect$$rtexit$$00000003)
    __rt_exit_prels_1                        0x0000031d   Thumb Code     0  rtexit2.o(.ARM.Collect$$rtexit$$00000002)
    __rt_exit_exit                           0x00000321   Thumb Code     0  rtexit2.o(.ARM.Collect$$rtexit$$00000004)
    SysCtlDelay                              0x00000329   Thumb Code     6  sysctl.o(.emb_text)
    __user_initial_stackheap                 0x00000331   Thumb Code     0  startup_rvmdk.o(.text)
    __use_two_region_memory                  0x00000349   Thumb Code     2  heapauxi.o(.text)
    __rt_heap_escrow$2region                 0x0000034b   Thumb Code     2  heapauxi.o(.text)
    __rt_heap_expand$2region                 0x0000034d   Thumb Code     2  heapauxi.o(.text)
    __user_setup_stackheap                   0x0000034f   Thumb Code    74  sys_stackheap_outer.o(.text)
    exit                                     0x00000399   Thumb Code    18  exit.o(.text)
    __user_libspace                          0x000003ad   Thumb Code     8  libspace.o(.text)
    __user_perproc_libspace                  0x000003ad   Thumb Code     0  libspace.o(.text)
    __user_perthread_libspace                0x000003ad   Thumb Code     0  libspace.o(.text)
    _sys_exit                                0x000003b5   Thumb Code     8  sys_exit.o(.text)
    __I$use$semihosting                      0x000003c1   Thumb Code     0  use_no_semi.o(.text)
    __use_no_semihosting_swi                 0x000003c1   Thumb Code     2  use_no_semi.o(.text)
    ADCIntClear                              0x000003c3   Thumb Code    10  adc.o(i.ADCIntClear)
    __semihosting_library_function           0x000003c3   Thumb Code     0  indicate_semi.o(.text)
    ADCIntEnableEx                           0x000003cd   Thumb Code     8  adc.o(i.ADCIntEnableEx)
    ADCProcessorTrigger                      0x000003d5   Thumb Code    26  adc.o(i.ADCProcessorTrigger)
    ADCSequenceConfigure                     0x000003ef   Thumb Code    96  adc.o(i.ADCSequenceConfigure)
    ADCSequenceDataGet                       0x0000044f   Thumb Code    36  adc.o(i.ADCSequenceDataGet)
    ADCSequenceDisable                       0x00000473   Thumb Code    16  adc.o(i.ADCSequenceDisable)
    ADCSequenceEnable                        0x00000483   Thumb Code    14  adc.o(i.ADCSequenceEnable)
    ADCSequenceStepConfigure                 0x00000491   Thumb Code   154  adc.o(i.ADCSequenceStepConfigure)
    ADC_Handler                              0x0000052d   Thumb Code    50  quake_detector.o(i.ADC_Handler)
    ADC_Init                                 0x0000056d   Thumb Code    78  temperature.o(i.ADC_Init)
    Check_PWM_Range                          0x000005c5   Thumb Code    26  pwm.o(i.Check_PWM_Range)
    D_Interrupt_Init                         0x000005e1   Thumb Code    58  button.o(i.D_Interrupt_Init)
    GPIODirModeSet                           0x00000621   Thumb Code    40  gpio.o(i.GPIODirModeSet)
    GPIOPadConfigSet                         0x00000649   Thumb Code   312  gpio.o(i.GPIOPadConfigSet)
    GPIOPinConfigure                         0x00000781   Thumb Code    60  gpio.o(i.GPIOPinConfigure)
    GPIOPinTypeGPIOInput                     0x000007c5   Thumb Code    28  gpio.o(i.GPIOPinTypeGPIOInput)
    GPIOPinTypeGPIOOutput                    0x000007e1   Thumb Code    28  gpio.o(i.GPIOPinTypeGPIOOutput)
    GPIOPinTypeI2C                           0x000007fd   Thumb Code    28  gpio.o(i.GPIOPinTypeI2C)
    GPIOPinTypeI2CSCL                        0x00000819   Thumb Code    28  gpio.o(i.GPIOPinTypeI2CSCL)
    GPIOPinTypePWM                           0x00000835   Thumb Code    28  gpio.o(i.GPIOPinTypePWM)
    GPIOPinTypeQEI                           0x00000851   Thumb Code    28  gpio.o(i.GPIOPinTypeQEI)
    GPIOPinTypeUART                          0x0000086d   Thumb Code    28  gpio.o(i.GPIOPinTypeUART)
    GPIOPortD_Handler                        0x00000889   Thumb Code    54  quake_detector.o(i.GPIOPortD_Handler)
    HibernateEnableExpClk                    0x000008c9   Thumb Code    20  hibernate.o(i.HibernateEnableExpClk)
    HibernateGPIORetentionEnable             0x000008e1   Thumb Code    24  hibernate.o(i.HibernateGPIORetentionEnable)
    HibernateRTCEnable                       0x000008fd   Thumb Code    20  hibernate.o(i.HibernateRTCEnable)
    HibernateRTCMatchSet                     0x00000915   Thumb Code    14  hibernate.o(i.HibernateRTCMatchSet)
    HibernateRTCSet                          0x00000929   Thumb Code    42  hibernate.o(i.HibernateRTCSet)
    HibernateRequest                         0x0000095d   Thumb Code    20  hibernate.o(i.HibernateRequest)
    HibernateWakeSet                         0x00000975   Thumb Code    96  hibernate.o(i.HibernateWakeSet)
    I2CMasterBusy                            0x000009e1   Thumb Code    12  i2c.o(i.I2CMasterBusy)
    I2CMasterControl                         0x000009ed   Thumb Code     4  i2c.o(i.I2CMasterControl)
    I2CMasterDataGet                         0x000009f1   Thumb Code     4  i2c.o(i.I2CMasterDataGet)
    I2CMasterDataPut                         0x000009f5   Thumb Code     4  i2c.o(i.I2CMasterDataPut)
    I2CMasterInitExpClk                      0x000009f9   Thumb Code    72  i2c.o(i.I2CMasterInitExpClk)
    I2CMasterSlaveAddrSet                    0x00000a4d   Thumb Code     8  i2c.o(i.I2CMasterSlaveAddrSet)
    I2C_Init                                 0x00000a55   Thumb Code    42  accelerometer.o(i.I2C_Init)
    InitConsole                              0x00000a8d   Thumb Code    46  accelerometer.o(i.InitConsole)
    IntEnable                                0x00000acd   Thumb Code    92  interrupt.o(i.IntEnable)
    IntGlobalDisable                         0x00000b31   Thumb Code     4  quake_detector.o(i.IntGlobalDisable)
    IntGlobalEnable                          0x00000b35   Thumb Code     4  quake_detector.o(i.IntGlobalEnable)
    IntPrioritySet                           0x00000b39   Thumb Code    36  interrupt.o(i.IntPrioritySet)
    LCD_Init                                 0x00000b61   Thumb Code   202  lcd.o(i.LCD_Init)
    LCD_bus_write                            0x00000c41   Thumb Code    70  lcd.o(i.LCD_bus_write)
    LCD_clrscr                               0x00000c95   Thumb Code    18  lcd.o(i.LCD_clrscr)
    LCD_command                              0x00000ca9   Thumb Code    52  lcd.o(i.LCD_command)
    LCD_data                                 0x00000ce5   Thumb Code    66  lcd.o(i.LCD_data)
    LCD_goto                                 0x00000d31   Thumb Code    32  lcd.o(i.LCD_goto)
    LCD_putc                                 0x00000d51   Thumb Code    44  lcd.o(i.LCD_putc)
    LCD_puti                                 0x00000d7d   Thumb Code   100  lcd.o(i.LCD_puti)
    LCD_puts                                 0x00000de1   Thumb Code    22  lcd.o(i.LCD_puts)
    PWMGenConfigure                          0x00000df7   Thumb Code    38  pwm.o(i.PWMGenConfigure)
    PWMGenEnable                             0x00000e1d   Thumb Code    10  pwm.o(i.PWMGenEnable)
    PWMGenPeriodSet                          0x00000e27   Thumb Code    18  pwm.o(i.PWMGenPeriodSet)
    PWMOutputState                           0x00000e39   Thumb Code    16  pwm.o(i.PWMOutputState)
    PWMPulseWidthSet                         0x00000e49   Thumb Code    32  pwm.o(i.PWMPulseWidthSet)
    PWM_Init                                 0x00000e69   Thumb Code   204  pwm.o(i.PWM_Init)
    PortFunctionInit                         0x00000f55   Thumb Code    88  quake_detector.o(i.PortFunctionInit)
    QEIConfigure                             0x00000fc9   Thumb Code    14  qei.o(i.QEIConfigure)
    QEIDirectionGet                          0x00000fd7   Thumb Code    16  qei.o(i.QEIDirectionGet)
    QEIDisable                               0x00000fe7   Thumb Code    10  qei.o(i.QEIDisable)
    QEIEnable                                0x00000ff1   Thumb Code    10  qei.o(i.QEIEnable)
    QEIIntDisable                            0x00000ffb   Thumb Code    10  qei.o(i.QEIIntDisable)
    QEIPositionGet                           0x00001005   Thumb Code     4  qei.o(i.QEIPositionGet)
    QEIPositionSet                           0x00001009   Thumb Code     4  qei.o(i.QEIPositionSet)
    QEI_Init                                 0x0000100d   Thumb Code   280  encoder.o(i.QEI_Init)
    Quadrature0_Handler                      0x00001151   Thumb Code    36  encoder.o(i.Quadrature0_Handler)
    Read                                     0x0000117d   Thumb Code   120  lcd.o(i.Read)
    SysCtlClockGet                           0x00001209   Thumb Code   304  sysctl.o(i.SysCtlClockGet)
    SysCtlClockSet                           0x0000135d   Thumb Code   270  sysctl.o(i.SysCtlClockSet)
    SysCtlPeripheralEnable                   0x0000147d   Thumb Code    36  sysctl.o(i.SysCtlPeripheralEnable)
    SysCtlPeripheralPresent                  0x000014a5   Thumb Code    40  sysctl.o(i.SysCtlPeripheralPresent)
    Timer0A_Handler                          0x000014d1   Thumb Code  1392  quake_detector.o(i.Timer0A_Handler)
    Timer0A_Init                             0x00001a99   Thumb Code    60  accelerometer.o(i.Timer0A_Init)
    TimerConfigure                           0x00001add   Thumb Code    88  timer.o(i.TimerConfigure)
    TimerEnable                              0x00001b3d   Thumb Code    14  timer.o(i.TimerEnable)
    TimerIntClear                            0x00001b4b   Thumb Code     4  timer.o(i.TimerIntClear)
    TimerIntEnable                           0x00001b4f   Thumb Code     8  timer.o(i.TimerIntEnable)
    TimerLoadSet                             0x00001b57   Thumb Code    18  timer.o(i.TimerLoadSet)
    UARTCharPut                              0x00001b69   Thumb Code    12  uart.o(i.UARTCharPut)
    UARTClockSourceSet                       0x00001b75   Thumb Code     6  uart.o(i.UARTClockSourceSet)
    UARTConfigSetExpClk                      0x00001b7b   Thumb Code   110  uart.o(i.UARTConfigSetExpClk)
    UARTEnable                               0x00001be9   Thumb Code    20  uart.o(i.UARTEnable)
    UARTStdioConfig                          0x00001bfd   Thumb Code    68  uartstdio.o(i.UARTStdioConfig)
    UARTprintf                               0x00001c4d   Thumb Code    26  uartstdio.o(i.UARTprintf)
    UARTvprintf                              0x00001c69   Thumb Code   574  uartstdio.o(i.UARTvprintf)
    UARTwrite                                0x00001eb9   Thumb Code    46  uartstdio.o(i.UARTwrite)
    Update_PWM                               0x00001eed   Thumb Code    72  pwm.o(i.Update_PWM)
    conjoin                                  0x00001f39   Thumb Code    14  accelerometer.o(i.conjoin)
    enable                                   0x00001f49   Thumb Code    34  lcd.o(i.enable)
    main                                     0x00001f75   Thumb Code   196  quake_detector.o(i.main)
    readProcess                              0x00002055   Thumb Code    88  accelerometer.o(i.readProcess)
    writeProcess                             0x000020b1   Thumb Code    86  accelerometer.o(i.writeProcess)
    _fp_init                                 0x0000210d   Thumb Code    10  fpinit.o(x$fpl$fpinit)
    __fplib_config_fpu_vfp                   0x00002115   Thumb Code     0  fpinit.o(x$fpl$fpinit)
    __fplib_config_pureend_doubles           0x00002115   Thumb Code     0  fpinit.o(x$fpl$fpinit)
    Region$$Table$$Base                      0x000026d0   Number         0  anon$$obj.o(Region$$Table)
    Region$$Table$$Limit                     0x000026f0   Number         0  anon$$obj.o(Region$$Table)
    flag                                     0x20000000   Data           4  encoder.o(.data)
    qeiPosition                              0x2000000c   Data           4  quake_detector.o(.data)
    qeiPositionNew                           0x20000010   Data           4  quake_detector.o(.data)
    qeiPositionOld                           0x20000014   Data           4  quake_detector.o(.data)
    xForce                                   0x20000018   Data           4  quake_detector.o(.data)
    yForce                                   0x2000001c   Data           4  quake_detector.o(.data)
    zForce                                   0x20000020   Data           4  quake_detector.o(.data)
    timeout                                  0x20000024   Data           4  quake_detector.o(.data)
    breach                                   0x20000028   Data           4  quake_detector.o(.data)
    sumX                                     0x2000002c   Data           4  quake_detector.o(.data)
    sumADX                                   0x20000030   Data           4  quake_detector.o(.data)
    sumY                                     0x20000034   Data           4  quake_detector.o(.data)
    sumADY                                   0x20000038   Data           4  quake_detector.o(.data)
    sumZ                                     0x2000003c   Data           4  quake_detector.o(.data)
    sumADZ                                   0x20000040   Data           4  quake_detector.o(.data)
    displayCount                             0x20000044   Data           4  quake_detector.o(.data)
    sleepCount                               0x20000048   Data           4  quake_detector.o(.data)
    flags                                    0x2000004c   Data           1  quake_detector.o(.data)
    quake_threshold                          0x20000050   Data           4  quake_detector.o(.data)
    temp_threshold                           0x20000054   Data           4  quake_detector.o(.data)
    queueIndex                               0x20000058   Data           4  quake_detector.o(.data)
    ui32ADC0Value                            0x2000005c   Data           4  quake_detector.o(.data)
    temp                                     0x20000060   Data           4  quake_detector.o(.data)
    queueX                                   0x20000064   Data         800  quake_detector.o(.bss)
    queueY                                   0x20000384   Data         800  quake_detector.o(.bss)
    queueZ                                   0x200006a4   Data         800  quake_detector.o(.bss)
    __libspace_start                         0x200009c4   Data          96  libspace.o(.bss)
    __temporary_stack_top$libspace           0x20000a24   Data           0  libspace.o(.bss)



==============================================================================

Memory Map of the image

  Image Entry point : 0x0000026d

  Load Region LR_1 (Base: 0x00000000, Size: 0x00002754, Max: 0xffffffff, ABSOLUTE)

    Execution Region ER_RO (Exec base: 0x00000000, Load base: 0x00000000, Size: 0x000026f0, Max: 0xffffffff, ABSOLUTE)

    Exec Addr    Load Addr    Size         Type   Attr      Idx    E Section Name        Object

    0x00000000   0x00000000   0x00000288   Code   RO            3  * RESET               startup_rvmdk.o
    0x00000288   0x00000288   0x00000008   Code   RO         3057  * !!!main             c_w.l(__main.o)
    0x00000290   0x00000290   0x00000034   Code   RO         3214    !!!scatter          c_w.l(__scatter.o)
    0x000002c4   0x000002c4   0x0000001a   Code   RO         3216    !!handler_copy      c_w.l(__scatter_copy.o)
    0x000002de   0x000002de   0x00000002   PAD
    0x000002e0   0x000002e0   0x0000001c   Code   RO         3218    !!handler_zi        c_w.l(__scatter_zi.o)
    0x000002fc   0x000002fc   0x00000002   Code   RO         3084    .ARM.Collect$$libinit$$00000000  c_w.l(libinit.o)
    0x000002fe   0x000002fe   0x00000004   Code   RO         3090    .ARM.Collect$$libinit$$00000001  c_w.l(libinit2.o)
    0x00000302   0x00000302   0x00000000   Code   RO         3093    .ARM.Collect$$libinit$$00000004  c_w.l(libinit2.o)
    0x00000302   0x00000302   0x00000000   Code   RO         3096    .ARM.Collect$$libinit$$0000000A  c_w.l(libinit2.o)
    0x00000302   0x00000302   0x00000000   Code   RO         3098    .ARM.Collect$$libinit$$0000000C  c_w.l(libinit2.o)
    0x00000302   0x00000302   0x00000000   Code   RO         3100    .ARM.Collect$$libinit$$0000000E  c_w.l(libinit2.o)
    0x00000302   0x00000302   0x00000000   Code   RO         3103    .ARM.Collect$$libinit$$00000011  c_w.l(libinit2.o)
    0x00000302   0x00000302   0x00000000   Code   RO         3105    .ARM.Collect$$libinit$$00000013  c_w.l(libinit2.o)
    0x00000302   0x00000302   0x00000000   Code   RO         3107    .ARM.Collect$$libinit$$00000015  c_w.l(libinit2.o)
    0x00000302   0x00000302   0x00000000   Code   RO         3109    .ARM.Collect$$libinit$$00000017  c_w.l(libinit2.o)
    0x00000302   0x00000302   0x00000000   Code   RO         3111    .ARM.Collect$$libinit$$00000019  c_w.l(libinit2.o)
    0x00000302   0x00000302   0x00000000   Code   RO         3113    .ARM.Collect$$libinit$$0000001B  c_w.l(libinit2.o)
    0x00000302   0x00000302   0x00000000   Code   RO         3115    .ARM.Collect$$libinit$$0000001D  c_w.l(libinit2.o)
    0x00000302   0x00000302   0x00000000   Code   RO         3117    .ARM.Collect$$libinit$$0000001F  c_w.l(libinit2.o)
    0x00000302   0x00000302   0x00000000   Code   RO         3119    .ARM.Collect$$libinit$$00000021  c_w.l(libinit2.o)
    0x00000302   0x00000302   0x00000000   Code   RO         3121    .ARM.Collect$$libinit$$00000023  c_w.l(libinit2.o)
    0x00000302   0x00000302   0x00000000   Code   RO         3123    .ARM.Collect$$libinit$$00000025  c_w.l(libinit2.o)
    0x00000302   0x00000302   0x00000000   Code   RO         3127    .ARM.Collect$$libinit$$0000002C  c_w.l(libinit2.o)
    0x00000302   0x00000302   0x00000000   Code   RO         3129    .ARM.Collect$$libinit$$0000002E  c_w.l(libinit2.o)
    0x00000302   0x00000302   0x00000000   Code   RO         3131    .ARM.Collect$$libinit$$00000030  c_w.l(libinit2.o)
    0x00000302   0x00000302   0x00000000   Code   RO         3133    .ARM.Collect$$libinit$$00000032  c_w.l(libinit2.o)
    0x00000302   0x00000302   0x00000002   Code   RO         3134    .ARM.Collect$$libinit$$00000033  c_w.l(libinit2.o)
    0x00000304   0x00000304   0x00000002   Code   RO         3154    .ARM.Collect$$libshutdown$$00000000  c_w.l(libshutdown.o)
    0x00000306   0x00000306   0x00000000   Code   RO         3167    .ARM.Collect$$libshutdown$$00000002  c_w.l(libshutdown2.o)
    0x00000306   0x00000306   0x00000000   Code   RO         3169    .ARM.Collect$$libshutdown$$00000004  c_w.l(libshutdown2.o)
    0x00000306   0x00000306   0x00000000   Code   RO         3172    .ARM.Collect$$libshutdown$$00000007  c_w.l(libshutdown2.o)
    0x00000306   0x00000306   0x00000000   Code   RO         3175    .ARM.Collect$$libshutdown$$0000000A  c_w.l(libshutdown2.o)
    0x00000306   0x00000306   0x00000000   Code   RO         3177    .ARM.Collect$$libshutdown$$0000000C  c_w.l(libshutdown2.o)
    0x00000306   0x00000306   0x00000000   Code   RO         3180    .ARM.Collect$$libshutdown$$0000000F  c_w.l(libshutdown2.o)
    0x00000306   0x00000306   0x00000002   Code   RO         3181    .ARM.Collect$$libshutdown$$00000010  c_w.l(libshutdown2.o)
    0x00000308   0x00000308   0x00000000   Code   RO         3059    .ARM.Collect$$rtentry$$00000000  c_w.l(__rtentry.o)
    0x00000308   0x00000308   0x00000000   Code   RO         3061    .ARM.Collect$$rtentry$$00000002  c_w.l(__rtentry2.o)
    0x00000308   0x00000308   0x00000006   Code   RO         3073    .ARM.Collect$$rtentry$$00000004  c_w.l(__rtentry4.o)
    0x0000030e   0x0000030e   0x00000000   Code   RO         3063    .ARM.Collect$$rtentry$$00000009  c_w.l(__rtentry2.o)
    0x0000030e   0x0000030e   0x00000004   Code   RO         3064    .ARM.Collect$$rtentry$$0000000A  c_w.l(__rtentry2.o)
    0x00000312   0x00000312   0x00000000   Code   RO         3066    .ARM.Collect$$rtentry$$0000000C  c_w.l(__rtentry2.o)
    0x00000312   0x00000312   0x00000008   Code   RO         3067    .ARM.Collect$$rtentry$$0000000D  c_w.l(__rtentry2.o)
    0x0000031a   0x0000031a   0x00000002   Code   RO         3088    .ARM.Collect$$rtexit$$00000000  c_w.l(rtexit.o)
    0x0000031c   0x0000031c   0x00000000   Code   RO         3136    .ARM.Collect$$rtexit$$00000002  c_w.l(rtexit2.o)
    0x0000031c   0x0000031c   0x00000004   Code   RO         3137    .ARM.Collect$$rtexit$$00000003  c_w.l(rtexit2.o)
    0x00000320   0x00000320   0x00000006   Code   RO         3138    .ARM.Collect$$rtexit$$00000004  c_w.l(rtexit2.o)
    0x00000326   0x00000326   0x00000002   PAD
    0x00000328   0x00000328   0x00000006   Code   RO         2161    .emb_text           driverlib.lib(sysctl.o)
    0x0000032e   0x0000032e   0x00000002   PAD
    0x00000330   0x00000330   0x00000018   Code   RO            4    .text               startup_rvmdk.o
    0x00000348   0x00000348   0x00000006   Code   RO         3055    .text               c_w.l(heapauxi.o)
    0x0000034e   0x0000034e   0x0000004a   Code   RO         3075    .text               c_w.l(sys_stackheap_outer.o)
    0x00000398   0x00000398   0x00000012   Code   RO         3077    .text               c_w.l(exit.o)
    0x000003aa   0x000003aa   0x00000002   PAD
    0x000003ac   0x000003ac   0x00000008   Code   RO         3085    .text               c_w.l(libspace.o)
    0x000003b4   0x000003b4   0x0000000c   Code   RO         3146    .text               c_w.l(sys_exit.o)
    0x000003c0   0x000003c0   0x00000002   Code   RO         3157    .text               c_w.l(use_no_semi.o)
    0x000003c2   0x000003c2   0x00000000   Code   RO         3159    .text               c_w.l(indicate_semi.o)
    0x000003c2   0x000003c2   0x0000000a   Code   RO          440    i.ADCIntClear       driverlib.lib(adc.o)
    0x000003cc   0x000003cc   0x00000008   Code   RO          445    i.ADCIntEnableEx    driverlib.lib(adc.o)
    0x000003d4   0x000003d4   0x0000001a   Code   RO          452    i.ADCProcessorTrigger  driverlib.lib(adc.o)
    0x000003ee   0x000003ee   0x00000060   Code   RO          455    i.ADCSequenceConfigure  driverlib.lib(adc.o)
    0x0000044e   0x0000044e   0x00000024   Code   RO          458    i.ADCSequenceDataGet  driverlib.lib(adc.o)
    0x00000472   0x00000472   0x00000010   Code   RO          459    i.ADCSequenceDisable  driverlib.lib(adc.o)
    0x00000482   0x00000482   0x0000000e   Code   RO          460    i.ADCSequenceEnable  driverlib.lib(adc.o)
    0x00000490   0x00000490   0x0000009a   Code   RO          463    i.ADCSequenceStepConfigure  driverlib.lib(adc.o)
    0x0000052a   0x0000052a   0x00000002   PAD
    0x0000052c   0x0000052c   0x00000040   Code   RO          311    i.ADC_Handler       quake_detector.o
    0x0000056c   0x0000056c   0x00000058   Code   RO          390    i.ADC_Init          temperature.o
    0x000005c4   0x000005c4   0x0000001a   Code   RO          402    i.Check_PWM_Range   pwm.o
    0x000005de   0x000005de   0x00000002   PAD
    0x000005e0   0x000005e0   0x00000040   Code   RO           66    i.D_Interrupt_Init  button.o
    0x00000620   0x00000620   0x00000028   Code   RO          712    i.GPIODirModeSet    driverlib.lib(gpio.o)
    0x00000648   0x00000648   0x00000138   Code   RO          724    i.GPIOPadConfigSet  driverlib.lib(gpio.o)
    0x00000780   0x00000780   0x00000044   Code   RO          725    i.GPIOPinConfigure  driverlib.lib(gpio.o)
    0x000007c4   0x000007c4   0x0000001c   Code   RO          735    i.GPIOPinTypeGPIOInput  driverlib.lib(gpio.o)
    0x000007e0   0x000007e0   0x0000001c   Code   RO          736    i.GPIOPinTypeGPIOOutput  driverlib.lib(gpio.o)
    0x000007fc   0x000007fc   0x0000001c   Code   RO          739    i.GPIOPinTypeI2C    driverlib.lib(gpio.o)
    0x00000818   0x00000818   0x0000001c   Code   RO          740    i.GPIOPinTypeI2CSCL  driverlib.lib(gpio.o)
    0x00000834   0x00000834   0x0000001c   Code   RO          743    i.GPIOPinTypePWM    driverlib.lib(gpio.o)
    0x00000850   0x00000850   0x0000001c   Code   RO          744    i.GPIOPinTypeQEI    driverlib.lib(gpio.o)
    0x0000086c   0x0000086c   0x0000001c   Code   RO          748    i.GPIOPinTypeUART   driverlib.lib(gpio.o)
    0x00000888   0x00000888   0x00000040   Code   RO          312    i.GPIOPortD_Handler  quake_detector.o
    0x000008c8   0x000008c8   0x00000018   Code   RO         1025    i.HibernateEnableExpClk  driverlib.lib(hibernate.o)
    0x000008e0   0x000008e0   0x0000001c   Code   RO         1027    i.HibernateGPIORetentionEnable  driverlib.lib(hibernate.o)
    0x000008fc   0x000008fc   0x00000018   Code   RO         1039    i.HibernateRTCEnable  driverlib.lib(hibernate.o)
    0x00000914   0x00000914   0x00000014   Code   RO         1042    i.HibernateRTCMatchSet  driverlib.lib(hibernate.o)
    0x00000928   0x00000928   0x00000034   Code   RO         1046    i.HibernateRTCSet   driverlib.lib(hibernate.o)
    0x0000095c   0x0000095c   0x00000018   Code   RO         1049    i.HibernateRequest  driverlib.lib(hibernate.o)
    0x00000974   0x00000974   0x0000006c   Code   RO         1064    i.HibernateWakeSet  driverlib.lib(hibernate.o)
    0x000009e0   0x000009e0   0x0000000c   Code   RO         1354    i.I2CMasterBusy     driverlib.lib(i2c.o)
    0x000009ec   0x000009ec   0x00000004   Code   RO         1355    i.I2CMasterControl  driverlib.lib(i2c.o)
    0x000009f0   0x000009f0   0x00000004   Code   RO         1356    i.I2CMasterDataGet  driverlib.lib(i2c.o)
    0x000009f4   0x000009f4   0x00000004   Code   RO         1357    i.I2CMasterDataPut  driverlib.lib(i2c.o)
    0x000009f8   0x000009f8   0x00000054   Code   RO         1362    i.I2CMasterInitExpClk  driverlib.lib(i2c.o)
    0x00000a4c   0x00000a4c   0x00000008   Code   RO         1372    i.I2CMasterSlaveAddrSet  driverlib.lib(i2c.o)
    0x00000a54   0x00000a54   0x00000038   Code   RO           78    i.I2C_Init          accelerometer.o
    0x00000a8c   0x00000a8c   0x00000040   Code   RO           79    i.InitConsole       accelerometer.o
    0x00000acc   0x00000acc   0x00000064   Code   RO         1681    i.IntEnable         driverlib.lib(interrupt.o)
    0x00000b30   0x00000b30   0x00000004   Code   RO          313    i.IntGlobalDisable  quake_detector.o
    0x00000b34   0x00000b34   0x00000004   Code   RO          314    i.IntGlobalEnable   quake_detector.o
    0x00000b38   0x00000b38   0x00000028   Code   RO         1692    i.IntPrioritySet    driverlib.lib(interrupt.o)
    0x00000b60   0x00000b60   0x000000e0   Code   RO          207    i.LCD_Init          lcd.o
    0x00000c40   0x00000c40   0x00000054   Code   RO          208    i.LCD_bus_write     lcd.o
    0x00000c94   0x00000c94   0x00000012   Code   RO          209    i.LCD_clrscr        lcd.o
    0x00000ca6   0x00000ca6   0x00000002   PAD
    0x00000ca8   0x00000ca8   0x0000003c   Code   RO          210    i.LCD_command       lcd.o
    0x00000ce4   0x00000ce4   0x0000004c   Code   RO          211    i.LCD_data          lcd.o
    0x00000d30   0x00000d30   0x00000020   Code   RO          212    i.LCD_goto          lcd.o
    0x00000d50   0x00000d50   0x0000002c   Code   RO          213    i.LCD_putc          lcd.o
    0x00000d7c   0x00000d7c   0x00000064   Code   RO          214    i.LCD_puti          lcd.o
    0x00000de0   0x00000de0   0x00000016   Code   RO          215    i.LCD_puts          lcd.o
    0x00000df6   0x00000df6   0x00000026   Code   RO         1804    i.PWMGenConfigure   driverlib.lib(pwm.o)
    0x00000e1c   0x00000e1c   0x0000000a   Code   RO         1806    i.PWMGenEnable      driverlib.lib(pwm.o)
    0x00000e26   0x00000e26   0x00000012   Code   RO         1819    i.PWMGenPeriodSet   driverlib.lib(pwm.o)
    0x00000e38   0x00000e38   0x00000010   Code   RO         1826    i.PWMOutputState    driverlib.lib(pwm.o)
    0x00000e48   0x00000e48   0x00000020   Code   RO         1829    i.PWMPulseWidthSet  driverlib.lib(pwm.o)
    0x00000e68   0x00000e68   0x000000ec   Code   RO          403    i.PWM_Init          pwm.o
    0x00000f54   0x00000f54   0x00000074   Code   RO          315    i.PortFunctionInit  quake_detector.o
    0x00000fc8   0x00000fc8   0x0000000e   Code   RO         2029    i.QEIConfigure      driverlib.lib(qei.o)
    0x00000fd6   0x00000fd6   0x00000010   Code   RO         2030    i.QEIDirectionGet   driverlib.lib(qei.o)
    0x00000fe6   0x00000fe6   0x0000000a   Code   RO         2031    i.QEIDisable        driverlib.lib(qei.o)
    0x00000ff0   0x00000ff0   0x0000000a   Code   RO         2032    i.QEIEnable         driverlib.lib(qei.o)
    0x00000ffa   0x00000ffa   0x0000000a   Code   RO         2038    i.QEIIntDisable     driverlib.lib(qei.o)
    0x00001004   0x00001004   0x00000004   Code   RO         2043    i.QEIPositionGet    driverlib.lib(qei.o)
    0x00001008   0x00001008   0x00000004   Code   RO         2044    i.QEIPositionSet    driverlib.lib(qei.o)
    0x0000100c   0x0000100c   0x00000144   Code   RO           11    i.QEI_Init          encoder.o
    0x00001150   0x00001150   0x0000002c   Code   RO           12    i.Quadrature0_Handler  encoder.o
    0x0000117c   0x0000117c   0x0000008c   Code   RO          216    i.Read              lcd.o
    0x00001208   0x00001208   0x00000154   Code   RO         2164    i.SysCtlClockGet    driverlib.lib(sysctl.o)
    0x0000135c   0x0000135c   0x00000120   Code   RO         2166    i.SysCtlClockSet    driverlib.lib(sysctl.o)
    0x0000147c   0x0000147c   0x00000028   Code   RO         2195    i.SysCtlPeripheralEnable  driverlib.lib(sysctl.o)
    0x000014a4   0x000014a4   0x0000002c   Code   RO         2198    i.SysCtlPeripheralPresent  driverlib.lib(sysctl.o)
    0x000014d0   0x000014d0   0x000005c8   Code   RO          316    i.Timer0A_Handler   quake_detector.o
    0x00001a98   0x00001a98   0x00000044   Code   RO           80    i.Timer0A_Init      accelerometer.o
    0x00001adc   0x00001adc   0x00000060   Code   RO         2510    i.TimerConfigure    driverlib.lib(timer.o)
    0x00001b3c   0x00001b3c   0x0000000e   Code   RO         2519    i.TimerEnable       driverlib.lib(timer.o)
    0x00001b4a   0x00001b4a   0x00000004   Code   RO         2520    i.TimerIntClear     driverlib.lib(timer.o)
    0x00001b4e   0x00001b4e   0x00000008   Code   RO         2522    i.TimerIntEnable    driverlib.lib(timer.o)
    0x00001b56   0x00001b56   0x00000012   Code   RO         2528    i.TimerLoadSet      driverlib.lib(timer.o)
    0x00001b68   0x00001b68   0x0000000c   Code   RO         2756    i.UARTCharPut       driverlib.lib(uart.o)
    0x00001b74   0x00001b74   0x00000006   Code   RO         2760    i.UARTClockSourceSet  driverlib.lib(uart.o)
    0x00001b7a   0x00001b7a   0x0000006e   Code   RO         2762    i.UARTConfigSetExpClk  driverlib.lib(uart.o)
    0x00001be8   0x00001be8   0x00000014   Code   RO         2767    i.UARTEnable        driverlib.lib(uart.o)
    0x00001bfc   0x00001bfc   0x00000050   Code   RO          147    i.UARTStdioConfig   uartstdio.o
    0x00001c4c   0x00001c4c   0x0000001a   Code   RO          150    i.UARTprintf        uartstdio.o
    0x00001c66   0x00001c66   0x00000002   PAD
    0x00001c68   0x00001c68   0x00000250   Code   RO          151    i.UARTvprintf       uartstdio.o
    0x00001eb8   0x00001eb8   0x00000034   Code   RO          152    i.UARTwrite         uartstdio.o
    0x00001eec   0x00001eec   0x0000004c   Code   RO          404    i.Update_PWM        pwm.o
    0x00001f38   0x00001f38   0x0000000e   Code   RO           81    i.conjoin           accelerometer.o
    0x00001f46   0x00001f46   0x00000002   PAD
    0x00001f48   0x00001f48   0x0000002c   Code   RO          217    i.enable            lcd.o
    0x00001f74   0x00001f74   0x000000e0   Code   RO          317    i.main              quake_detector.o
    0x00002054   0x00002054   0x0000005c   Code   RO           82    i.readProcess       accelerometer.o
    0x000020b0   0x000020b0   0x0000005c   Code   RO           83    i.writeProcess      accelerometer.o
    0x0000210c   0x0000210c   0x0000000a   Code   RO         3144    x$fpl$fpinit        fz_wm.l(fpinit.o)
    0x00002116   0x00002116   0x00000002   PAD
    0x00002118   0x00002118   0x0000001c   Data   RO          153    .constdata          uartstdio.o
    0x00002134   0x00002134   0x00000228   Data   RO          756    .constdata          driverlib.lib(gpio.o)
    0x0000235c   0x0000235c   0x0000010c   Data   RO         1697    .constdata          driverlib.lib(interrupt.o)
    0x00002468   0x00002468   0x00000254   Data   RO         2217    .constdata          driverlib.lib(sysctl.o)
    0x000026bc   0x000026bc   0x00000011   Data   RO          154    .conststring        uartstdio.o
    0x000026cd   0x000026cd   0x00000003   PAD
    0x000026d0   0x000026d0   0x00000020   Data   RO         3212    Region$$Table       anon$$obj.o


    Execution Region ER_RW (Exec base: 0x20000000, Load base: 0x000026f0, Size: 0x00000064, Max: 0xffffffff, ABSOLUTE)

    Exec Addr    Load Addr    Size         Type   Attr      Idx    E Section Name        Object

    0x20000000   0x000026f0   0x00000004   Data   RW           13    .data               encoder.o
    0x20000004   0x000026f4   0x00000005   Data   RW          155    .data               uartstdio.o
    0x20000009   0x000026f9   0x00000003   PAD
    0x2000000c   0x000026fc   0x00000058   Data   RW          319    .data               quake_detector.o


    Execution Region ER_ZI (Exec base: 0x20000064, Load base: 0x00002754, Size: 0x00000ac4, Max: 0xffffffff, ABSOLUTE)

    Exec Addr    Load Addr    Size         Type   Attr      Idx    E Section Name        Object

    0x20000064        -       0x00000960   Zero   RW          318    .bss                quake_detector.o
    0x200009c4        -       0x00000060   Zero   RW         3086    .bss                c_w.l(libspace.o)
    0x20000a24   0x00002754   0x00000004   PAD
    0x20000a28        -       0x00000000   Zero   RW            2    HEAP                startup_rvmdk.o
    0x20000a28        -       0x00000100   Zero   RW            1    STACK               startup_rvmdk.o


==============================================================================

Image component sizes


      Code (inc. data)   RO Data    RW Data    ZI Data      Debug   Object Name

       386         50          0          0          0       4803   accelerometer.o
        64          6          0          0          0        499   button.o
       368         52          0          4          0       5808   encoder.o
       844         84          0          0          0       6197   lcd.o
       338         36          0          0          0       1730   pwm.o
      1956        314          0         88       2400       6123   quake_detector.o
       672        636          0          0        256        548   startup_rvmdk.o
        88         10          0          0          0        507   temperature.o
       750         36         45          5          0       4760   uartstdio.o

    ----------------------------------------------------------------------
      5474       1224         80        100       2656      30975   Object Totals
         0          0         32          0          0          0   (incl. Generated)
         8          0          3          3          0          0   (incl. Padding)

    ----------------------------------------------------------------------

      Code (inc. data)   RO Data    RW Data    ZI Data      Debug   Library Member Name

         8          0          0          0          0         68   __main.o
         0          0          0          0          0          0   __rtentry.o
        12          0          0          0          0          0   __rtentry2.o
         6          0          0          0          0          0   __rtentry4.o
        52          8          0          0          0          0   __scatter.o
        26          0          0          0          0          0   __scatter_copy.o
        28          0          0          0          0          0   __scatter_zi.o
        18          0          0          0          0         80   exit.o
         6          0          0          0          0        152   heapauxi.o
         0          0          0          0          0          0   indicate_semi.o
         2          0          0          0          0          0   libinit.o
         6          0          0          0          0          0   libinit2.o
         2          0          0          0          0          0   libshutdown.o
         2          0          0          0          0          0   libshutdown2.o
         8          4          0          0         96         68   libspace.o
         2          0          0          0          0          0   rtexit.o
        10          0          0          0          0          0   rtexit2.o
        12          4          0          0          0         68   sys_exit.o
        74          0          0          0          0         80   sys_stackheap_outer.o
         2          0          0          0          0         68   use_no_semi.o
       360          0          0          0          0       8541   adc.o
       616          8        552          0          0       6823   gpio.o
       280         44          0          0          0       5610   hibernate.o
       116         12          0          0          0       3972   i2c.o
       140         12        268          0          0       2053   interrupt.o
       114          0          0          0          0       2639   pwm.o
        68          0          0          0          0       3392   qei.o
       718         62        596          0          0       4925   sysctl.o
       140          8          0          0          0       2591   timer.o
       148          0          0          0          0       2986   uart.o
        10          0          0          0          0        116   fpinit.o

    ----------------------------------------------------------------------
      2998        162       1416          0        100      44232   Library Totals
        12          0          0          0          4          0   (incl. Padding)

    ----------------------------------------------------------------------

      Code (inc. data)   RO Data    RW Data    ZI Data      Debug   Library Name

       276         16          0          0         96        584   c_w.l
      2700        146       1416          0          0      43532   driverlib.lib
        10          0          0          0          0        116   fz_wm.l

    ----------------------------------------------------------------------
      2998        162       1416          0        100      44232   Library Totals

    ----------------------------------------------------------------------

==============================================================================


      Code (inc. data)   RO Data    RW Data    ZI Data      Debug   

      8472       1386       1496        100       2756      66651   Grand Totals
      8472       1386       1496        100       2756      66651   ELF Image Totals
      8472       1386       1496        100          0          0   ROM Totals

==============================================================================

    Total RO  Size (Code + RO Data)                 9968 (   9.73kB)
    Total RW  Size (RW Data + ZI Data)              2856 (   2.79kB)
    Total ROM Size (Code + RO Data + RW Data)      10068 (   9.83kB)

==============================================================================

